[    0.000000] Initializing cgroup subsys cpuset
[    0.000000] Initializing cgroup subsys cpu
[    0.000000] Initializing cgroup subsys cpuacct
[    0.000000] Linux version 4.4.0-210-generic (buildd@lgw01-amd64-009) (gcc version 5.4.0 20160609 (Ubuntu 5.4.0-6ubuntu1~16.04.12) ) #242-Ubuntu SMP Fri Apr 16 09:57:56 UTC 2021 (Ubuntu 4.4.0-210.242-generic 4.4.262)
[    0.000000] Command line: BOOT_IMAGE=/boot/vmlinuz-4.4.0-210-generic root=LABEL=cloudimg-rootfs ro console=tty1 console=ttyS0
[    0.000000] KERNEL supported cpus:
[    0.000000]   Intel GenuineIntel
[    0.000000]   AMD AuthenticAMD
[    0.000000]   Centaur CentaurHauls
[    0.000000] x86/fpu: Supporting XSAVE feature 0x01: 'x87 floating point registers'
[    0.000000] x86/fpu: Supporting XSAVE feature 0x02: 'SSE registers'
[    0.000000] x86/fpu: Enabled xstate features 0x3, context size is 576 bytes, using 'standard' format.
[    0.000000] e820: BIOS-provided physical RAM map:
[    0.000000] BIOS-e820: [mem 0x0000000000000000-0x000000000009fbff] usable
[    0.000000] BIOS-e820: [mem 0x000000000009fc00-0x000000000009ffff] reserved
[    0.000000] BIOS-e820: [mem 0x00000000000f0000-0x00000000000fffff] reserved
[    0.000000] BIOS-e820: [mem 0x0000000000100000-0x00000000dffeffff] usable
[    0.000000] BIOS-e820: [mem 0x00000000dfff0000-0x00000000dfffffff] ACPI data
[    0.000000] BIOS-e820: [mem 0x00000000fec00000-0x00000000fec00fff] reserved
[    0.000000] BIOS-e820: [mem 0x00000000fee00000-0x00000000fee00fff] reserved
[    0.000000] BIOS-e820: [mem 0x00000000fffc0000-0x00000000ffffffff] reserved
[    0.000000] BIOS-e820: [mem 0x0000000100000000-0x000000011fffffff] usable
[    0.000000] NX (Execute Disable) protection: active
[    0.000000] SMBIOS 2.5 present.
[    0.000000] Hypervisor detected: KVM
[    0.000000] e820: last_pfn = 0x120000 max_arch_pfn = 0x400000000
[    0.000000] MTRR: Disabled
[    0.000000] x86/PAT: MTRRs disabled, skipping PAT initialization too.
[    0.000000] CPU MTRRs all blank - virtualized system.
[    0.000000] x86/PAT: Configuration [0-7]: WB  WT  UC- UC  WB  WT  UC- UC  
[    0.000000] e820: last_pfn = 0xdfff0 max_arch_pfn = 0x400000000
[    0.000000] found SMP MP-table at [mem 0x0009fff0-0x0009ffff] mapped at [ffff88000009fff0]
[    0.000000] Scanning 1 areas for low memory corruption
[    0.000000] RAMDISK: [mem 0x362dc000-0x37165fff]
[    0.000000] ACPI: Early table checksum verification disabled
[    0.000000] ACPI: RSDP 0x00000000000E0000 000024 (v02 VBOX  )
[    0.000000] ACPI: XSDT 0x00000000DFFF0030 00003C (v01 VBOX   VBOXXSDT 00000001 ASL  00000061)
[    0.000000] ACPI: FACP 0x00000000DFFF00F0 0000F4 (v04 VBOX   VBOXFACP 00000001 ASL  00000061)
[    0.000000] ACPI: DSDT 0x00000000DFFF0620 002353 (v02 VBOX   VBOXBIOS 00000002 INTL 20230628)
[    0.000000] ACPI: FACS 0x00000000DFFF0200 000040
[    0.000000] ACPI: FACS 0x00000000DFFF0200 000040
[    0.000000] ACPI: APIC 0x00000000DFFF0240 00006C (v02 VBOX   VBOXAPIC 00000001 ASL  00000061)
[    0.000000] ACPI: SSDT 0x00000000DFFF02B0 00036C (v01 VBOX   VBOXCPUT 00000002 INTL 20230628)
[    0.000000] No NUMA configuration found
[    0.000000] Faking a node at [mem 0x0000000000000000-0x000000011fffffff]
[    0.000000] NODE_DATA(0) allocated [mem 0x11fff7000-0x11fffbfff]
[    0.000000] kvm-clock: Using msrs 4b564d01 and 4b564d00
[    0.000000] kvm-clock: cpu 0, msr 1:1ffef001, primary cpu clock
[    0.000000] kvm-clock: using sched offset of 3007705650 cycles
[    0.000000] clocksource: kvm-clock: mask: 0xffffffffffffffff max_cycles: 0x1cd42e4dffb, max_idle_ns: 881590591483 ns
[    0.000000] Zone ranges:
[    0.000000]   DMA      [mem 0x0000000000001000-0x0000000000ffffff]
[    0.000000]   DMA32    [mem 0x0000000001000000-0x00000000ffffffff]
[    0.000000]   Normal   [mem 0x0000000100000000-0x000000011fffffff]
[    0.000000]   Device   empty
[    0.000000] Movable zone start for each node
[    0.000000] Early memory node ranges
[    0.000000]   node   0: [mem 0x0000000000001000-0x000000000009efff]
[    0.000000]   node   0: [mem 0x0000000000100000-0x00000000dffeffff]
[    0.000000]   node   0: [mem 0x0000000100000000-0x000000011fffffff]
[    0.000000] Initmem setup node 0 [mem 0x0000000000001000-0x000000011fffffff]
[    0.000000] ACPI: PM-Timer IO Port: 0x4008
[    0.000000] IOAPIC[0]: apic_id 4, version 32, address 0xfec00000, GSI 0-23
[    0.000000] ACPI: INT_SRC_OVR (bus 0 bus_irq 0 global_irq 2 dfl dfl)
[    0.000000] ACPI: INT_SRC_OVR (bus 0 bus_irq 9 global_irq 9 low level)
[    0.000000] Using ACPI (MADT) for SMP configuration information
[    0.000000] smpboot: Allowing 4 CPUs, 0 hotplug CPUs
[    0.000000] PM: Registered nosave memory: [mem 0x00000000-0x00000fff]
[    0.000000] PM: Registered nosave memory: [mem 0x0009f000-0x0009ffff]
[    0.000000] PM: Registered nosave memory: [mem 0x000a0000-0x000effff]
[    0.000000] PM: Registered nosave memory: [mem 0x000f0000-0x000fffff]
[    0.000000] PM: Registered nosave memory: [mem 0xdfff0000-0xdfffffff]
[    0.000000] PM: Registered nosave memory: [mem 0xe0000000-0xfebfffff]
[    0.000000] PM: Registered nosave memory: [mem 0xfec00000-0xfec00fff]
[    0.000000] PM: Registered nosave memory: [mem 0xfec01000-0xfedfffff]
[    0.000000] PM: Registered nosave memory: [mem 0xfee00000-0xfee00fff]
[    0.000000] PM: Registered nosave memory: [mem 0xfee01000-0xfffbffff]
[    0.000000] PM: Registered nosave memory: [mem 0xfffc0000-0xffffffff]
[    0.000000] e820: [mem 0xe0000000-0xfebfffff] available for PCI devices
[    0.000000] Booting paravirtualized kernel on KVM
[    0.000000] clocksource: refined-jiffies: mask: 0xffffffff max_cycles: 0xffffffff, max_idle_ns: 7645519600211568 ns
[    0.000000] setup_percpu: NR_CPUS:512 nr_cpumask_bits:512 nr_cpu_ids:4 nr_node_ids:1
[    0.000000] PERCPU: Embedded 33 pages/cpu @ffff88011fc00000 s95192 r8192 d31784 u524288
[    0.000000] Built 1 zonelists in Node order, mobility grouping on.  Total pages: 1032056
[    0.000000] Policy zone: Normal
[    0.000000] Kernel command line: BOOT_IMAGE=/boot/vmlinuz-4.4.0-210-generic root=LABEL=cloudimg-rootfs ro console=tty1 console=ttyS0
[    0.000000] PID hash table entries: 4096 (order: 3, 32768 bytes)
[    0.000000] Memory: 4028040K/4193848K available (8644K kernel code, 1332K rwdata, 4044K rodata, 1492K init, 1164K bss, 165808K reserved, 0K cma-reserved)
[    0.000000] SLUB: HWalign=64, Order=0-3, MinObjects=0, CPUs=4, Nodes=1
[    0.000000] Kernel/User page tables isolation: enabled
[    0.000000] Hierarchical RCU implementation.
[    0.000000] 	Build-time adjustment of leaf fanout to 64.
[    0.000000] 	RCU restricting CPUs from NR_CPUS=512 to nr_cpu_ids=4.
[    0.000000] RCU: Adjusting geometry for rcu_fanout_leaf=64, nr_cpu_ids=4
[    0.000000] NR_IRQS:33024 nr_irqs:456 16
[    0.000000] Console: colour VGA+ 80x25
[    0.000000] console [tty1] enabled
[    0.000000] console [ttyS0] enabled
[    0.000000] tsc: Detected 1113.599 MHz processor
[    0.248089] Calibrating delay loop (skipped) preset value.. 2227.19 BogoMIPS (lpj=4454396)
[    0.250492] pid_max: default: 32768 minimum: 301
[    0.251795] ACPI: Core revision 20150930
[    0.254256] ACPI: 2 ACPI AML tables successfully acquired and loaded
[    0.256125] Security Framework initialized
[    0.257329] Yama: becoming mindful.
[    0.258433] AppArmor: AppArmor initialized
[    0.260172] Dentry cache hash table entries: 524288 (order: 10, 4194304 bytes)
[    0.263755] Inode-cache hash table entries: 262144 (order: 9, 2097152 bytes)
[    0.265959] Mount-cache hash table entries: 8192 (order: 4, 65536 bytes)
[    0.267678] Mountpoint-cache hash table entries: 8192 (order: 4, 65536 bytes)
[    0.269981] Initializing cgroup subsys io
[    0.271183] Initializing cgroup subsys memory
[    0.272447] Initializing cgroup subsys devices
[    0.273709] Initializing cgroup subsys freezer
[    0.274965] Initializing cgroup subsys net_cls
[    0.276224] Initializing cgroup subsys perf_event
[    0.277531] Initializing cgroup subsys net_prio
[    0.278806] Initializing cgroup subsys hugetlb
[    0.280069] Initializing cgroup subsys pids
[    0.291300] mce: CPU supports 0 MCE banks
[    0.292531] Last level iTLB entries: 4KB 0, 2MB 0, 4MB 0
[    0.293957] Last level dTLB entries: 4KB 0, 2MB 0, 4MB 0, 1GB 0
[    0.295509] Spectre V1 : Mitigation: usercopy/swapgs barriers and __user pointer sanitization
[    0.297879] Spectre V2 : Mitigation: Full generic retpoline
[    0.299353] Spectre V2 : Spectre v2 / SpectreRSB mitigation: Filling RSB on context switch
[    0.301715] Speculative Store Bypass: Vulnerable
[    0.303126] MDS: Mitigation: Clear CPU buffers
[    0.309080] Freeing SMP alternatives memory: 36K
[    0.320889] ftrace: allocating 32380 entries in 127 pages
[    0.415316] smpboot: APIC(0) Converting physical 0 to logical package 0
[    0.417099] smpboot: Max logical packages: 1
[    0.419217] x2apic enabled
[    0.420597] Switched APIC routing to physical x2apic.
[    0.423785] ..TIMER: vector=0x30 apic1=0 pin1=2 apic2=-1 pin2=-1
[    0.533559] smpboot: CPU0: Intel(R) Celeron(R) N5100 @ 1.10GHz (family: 0x6, model: 0x9c, stepping: 0x0)
[    0.546322] Performance Events: unsupported p6 CPU model 156 no PMU driver, software events only.
[    0.561199] KVM setup paravirtual spinlock
[    0.563361] x86: Booting SMP configuration:
[    0.564608] .... node  #0, CPUs:      #1
[    0.566159] kvm-clock: cpu 1, msr 1:1ffef041, secondary cpu clock
[    0.576729] mce: CPU supports 0 MCE banks
[    0.579522]  #2
[    0.580323] kvm-clock: cpu 2, msr 1:1ffef081, secondary cpu clock
[    0.595392] mce: CPU supports 0 MCE banks
[    0.599008]  #3
[    0.600190] kvm-clock: cpu 3, msr 1:1ffef0c1, secondary cpu clock
[    0.611867] mce: CPU supports 0 MCE banks
[    0.617622] x86: Booted up 1 node, 4 CPUs
[    0.620124] smpboot: Total of 4 processors activated (8908.79 BogoMIPS)
[    0.624482] devtmpfs: initialized
[    0.628953] evm: security.selinux
[    0.630947] evm: security.SMACK64
[    0.633013] evm: security.SMACK64EXEC
[    0.635276] evm: security.SMACK64TRANSMUTE
[    0.639357] evm: security.SMACK64MMAP
[    0.642867] evm: security.ima
[    0.645803] evm: security.capability
[    0.652163] clocksource: jiffies: mask: 0xffffffff max_cycles: 0xffffffff, max_idle_ns: 7645041785100000 ns
[    0.657302] futex hash table entries: 1024 (order: 4, 65536 bytes)
[    0.659521] pinctrl core: initialized pinctrl subsystem
[    0.661486] RTC time:  8:57:42, date: 11/04/23
[    0.663592] NET: Registered protocol family 16
[    0.679026] cpuidle: using governor ladder
[    0.689462] cpuidle: using governor menu
[    0.692137] PCCT header not found.
[    0.694212] ACPI: bus type PCI registered
[    0.696423] acpiphp: ACPI Hot Plug PCI Controller Driver version: 0.5
[    0.699487] PCI: Using configuration type 1 for base access
[    0.714960] ACPI: Added _OSI(Module Device)
[    0.716545] ACPI: Added _OSI(Processor Device)
[    0.718074] ACPI: Added _OSI(3.0 _SCP Extensions)
[    0.719643] ACPI: Added _OSI(Processor Aggregator Device)
[    0.722225] ACPI: Executed 1 blocks of module-level executable AML code
[    0.726970] ACPI: Interpreter enabled
[    0.728453] ACPI: (supports S0 S5)
[    0.729796] ACPI: Using IOAPIC for interrupt routing
[    0.731595] PCI: Using host bridge windows from ACPI; if necessary, use "pci=nocrs" and report a bug
[    0.739125] ACPI: PCI Root Bridge [PCI0] (domain 0000 [bus 00-ff])
[    0.741630] acpi PNP0A03:00: _OSC: OS supports [ASPM ClockPM Segments MSI]
[    0.744321] acpi PNP0A03:00: _OSC: not requesting OS control; OS requires [ExtendedConfig ASPM ClockPM MSI]
[    0.747944] acpi PNP0A03:00: fail to add MMCONFIG information, can't access extended PCI configuration space under this bridge.
[    0.752194] PCI host bridge to bus 0000:00
[    0.753609] pci_bus 0000:00: root bus resource [io  0x0000-0x0cf7 window]
[    0.756441] pci_bus 0000:00: root bus resource [io  0x0d00-0xffff window]
[    0.774734] pci_bus 0000:00: root bus resource [mem 0x000a0000-0x000bffff window]
[    0.777643] pci_bus 0000:00: root bus resource [mem 0xe0000000-0xfdffffff window]
[    0.784837] pci_bus 0000:00: root bus resource [bus 00-ff]
[    0.790470] pci 0000:00:01.1: legacy IDE quirk: reg 0x10: [io  0x01f0-0x01f7]
[    0.794209] pci 0000:00:01.1: legacy IDE quirk: reg 0x14: [io  0x03f6]
[    0.797594] pci 0000:00:01.1: legacy IDE quirk: reg 0x18: [io  0x0170-0x0177]
[    0.801043] pci 0000:00:01.1: legacy IDE quirk: reg 0x1c: [io  0x0376]
[    0.871658] pci 0000:00:07.0: quirk: [io  0x4000-0x403f] claimed by PIIX4 ACPI
[    0.873952] pci 0000:00:07.0: quirk: [io  0x4100-0x410f] claimed by PIIX4 SMB
[    0.913152] ACPI: PCI Interrupt Link [LNKA] (IRQs 5 9 10 *11)
[    0.915781] ACPI: PCI Interrupt Link [LNKB] (IRQs 5 9 *10 11)
[    0.918161] ACPI: PCI Interrupt Link [LNKC] (IRQs 5 *9 10 11)
[    0.920417] ACPI: PCI Interrupt Link [LNKD] (IRQs 5 9 10 *11)
[    0.922744] ACPI: Enabled 2 GPEs in block 00 to 07
[    0.924564] vgaarb: setting as boot device: PCI:0000:00:02.0
[    0.926064] vgaarb: device added: PCI:0000:00:02.0,decodes=io+mem,owns=io+mem,locks=none
[    0.928405] vgaarb: loaded
[    0.929367] vgaarb: bridge control possible 0000:00:02.0
[    0.931370] SCSI subsystem initialized
[    0.932748] ACPI: bus type USB registered
[    0.934014] usbcore: registered new interface driver usbfs
[    0.935734] usbcore: registered new interface driver hub
[    0.937289] usbcore: registered new device driver usb
[    0.938951] PCI: Using ACPI for IRQ routing
[    0.940601] NetLabel: Initializing
[    0.941764] NetLabel:  domain hash size = 128
[    0.943031] NetLabel:  protocols = UNLABELED CIPSOv4
[    0.944437] NetLabel:  unlabeled traffic allowed by default
[    0.946168] amd_nb: Cannot enumerate AMD northbridges
[    0.947998] clocksource: Switched to clocksource kvm-clock
[    0.955875] AppArmor: AppArmor Filesystem Enabled
[    0.957376] pnp: PnP ACPI init
[    0.959319] pnp: PnP ACPI: found 3 devices
[    0.969150] clocksource: acpi_pm: mask: 0xffffff max_cycles: 0xffffff, max_idle_ns: 2085701024 ns
[    0.971630] NET: Registered protocol family 2
[    0.973148] TCP established hash table entries: 32768 (order: 6, 262144 bytes)
[    0.975340] TCP bind hash table entries: 32768 (order: 7, 524288 bytes)
[    0.977424] TCP: Hash tables configured (established 32768 bind 32768)
[    0.979328] UDP hash table entries: 2048 (order: 4, 65536 bytes)
[    0.980939] UDP-Lite hash table entries: 2048 (order: 4, 65536 bytes)
[    0.982738] NET: Registered protocol family 1
[    0.984023] pci 0000:00:00.0: Limiting direct PCI/PCI transfers
[    0.985604] pci 0000:00:01.0: Activating ISA DMA hang workarounds
[    0.987357] Unpacking initramfs...
[    1.219687] Freeing initrd memory: 14888K
[    1.221046] PCI-DMA: Using software bounce buffering for IO (SWIOTLB)
[    1.222699] software IO TLB: mapped [mem 0xdbff0000-0xdfff0000] (64MB)
[    1.224429] clocksource: tsc: mask: 0xffffffffffffffff max_cycles: 0x100d47dceae, max_idle_ns: 440795244181 ns
[    1.227129] platform rtc_cmos: registered platform RTC device (no PNP device found)
[    1.229369] Scanning for low memory corruption every 60 seconds
[    1.231761] audit: initializing netlink subsys (disabled)
[    1.233290] audit: type=2000 audit(1699088267.943:1): initialized
[    1.235137] Initialise system trusted keyring
[    1.236642] HugeTLB registered 2 MB page size, pre-allocated 0 pages
[    1.239697] zbud: loaded
[    1.241083] VFS: Disk quotas dquot_6.6.0
[    1.242289] VFS: Dquot-cache hash table entries: 512 (order 0, 4096 bytes)
[    1.244280] squashfs: version 4.0 (2009/01/31) Phillip Lougher
[    1.246578] fuse init (API version 7.23)
[    1.247955] Key type big_key registered
[    1.249391] Allocating IMA MOK and blacklist keyrings.
[    1.252192] Key type asymmetric registered
[    1.253412] Asymmetric key parser 'x509' registered
[    1.254798] Block layer SCSI generic (bsg) driver version 0.4 loaded (major 249)
[    1.257029] io scheduler noop registered
[    1.258230] io scheduler deadline registered (default)
[    1.259648] io scheduler cfq registered
[    1.260997] pci_hotplug: PCI Hot Plug PCI Core version: 0.5
[    1.262489] pciehp: PCI Express Hot Plug Controller Driver version: 0.4
[    1.264314] ACPI: AC Adapter [AC] (off-line)
[    1.265609] input: Power Button as /devices/LNXSYSTM:00/LNXPWRBN:00/input/input0
[    1.267760] ACPI: Power Button [PWRF]
[    1.269037] input: Sleep Button as /devices/LNXSYSTM:00/LNXSLPBN:00/input/input1
[    1.271182] ACPI: Sleep Button [SLPF]
[    1.272569] GHES: HEST is not enabled!
[    1.273618] ACPI: Battery Slot [BAT0] (battery present)
[    1.275355] Serial: 8250/16550 driver, 32 ports, IRQ sharing enabled
[    1.298096] 00:02: ttyS0 at I/O 0x3f8 (irq = 4, base_baud = 115200) is a 16550A
[    1.302739] Linux agpgart interface v0.103
[    1.306255] loop: module loaded
[    1.307985] scsi host0: ata_piix
[    1.309269] scsi host1: ata_piix
[    1.310337] ata1: PATA max UDMA/33 cmd 0x1f0 ctl 0x3f6 bmdma 0xd000 irq 14
[    1.312124] ata2: PATA max UDMA/33 cmd 0x170 ctl 0x376 bmdma 0xd008 irq 15
[    1.313960] libphy: Fixed MDIO Bus: probed
[    1.315166] tun: Universal TUN/TAP device driver, 1.6
[    1.316554] tun: (C) 1999-2004 Max Krasnyansky <maxk@qualcomm.com>
[    1.318215] PPP generic driver version 2.4.2
[    1.319520] ehci_hcd: USB 2.0 'Enhanced' Host Controller (EHCI) Driver
[    1.321251] ehci-pci: EHCI PCI platform driver
[    1.322528] ehci-platform: EHCI generic platform driver
[    1.323956] ohci_hcd: USB 1.1 'Open' Host Controller (OHCI) Driver
[    1.325544] ohci-pci: OHCI PCI platform driver
[    1.326815] ohci-platform: OHCI generic platform driver
[    1.328234] uhci_hcd: USB Universal Host Controller Interface driver
[    1.329917] i8042: PNP: PS/2 Controller [PNP0303:PS2K,PNP0f03:PS2M] at 0x60,0x64 irq 1,12
[    1.332874] serio: i8042 KBD port at 0x60,0x64 irq 1
[    1.334245] serio: i8042 AUX port at 0x60,0x64 irq 12
[    1.335892] mousedev: PS/2 mouse device common for all mice
[    1.337790] input: AT Translated Set 2 keyboard as /devices/platform/i8042/serio0/input/input2
[    1.340747] rtc_cmos rtc_cmos: rtc core: registered rtc_cmos as rtc0
[    1.342470] rtc_cmos rtc_cmos: alarms up to one day, 114 bytes nvram
[    1.344169] i2c /dev entries driver
[    1.345298] device-mapper: uevent: version 1.0.3
[    1.346703] device-mapper: ioctl: 4.34.0-ioctl (2015-10-28) initialised: dm-devel@redhat.com
[    1.349081] ledtrig-cpu: registered to indicate activity on CPUs
[    1.351221] NET: Registered protocol family 10
[    1.352767] NET: Registered protocol family 17
[    1.354057] Key type dns_resolver registered
[    1.355686] registered taskstats version 1
[    1.356939] Loading compiled-in X.509 certificates
[    1.359052] Loaded X.509 cert 'Build time autogenerated kernel key: cf00e047681d67edb2720680708b7d9498083038'
[    1.361796] zswap: loaded using pool lzo/zbud
[    1.365604] Key type trusted registered
[    1.370917] Key type encrypted registered
[    1.372282] AppArmor: AppArmor sha1 policy hashing enabled
[    1.373742] ima: No TPM chip found, activating TPM-bypass!
[    1.375212] ima: Allocated hash algorithm: sha1
[    1.376524] evm: HMAC attrs: 0x1
[    1.377972]   Magic number: 15:619:977
[    1.379174] memory memory24: hash matches
[    1.380544] rtc_cmos rtc_cmos: setting system clock to 2023-11-04 08:57:43 UTC (1699088263)
[    1.383072] BIOS EDD facility v0.16 2004-Jun-25, 0 devices found
[    1.384692] EDD information not available.
[    1.509033] Freeing unused kernel memory: 1492K
[    1.511130] Write protecting the kernel read-only data: 14336k
[    1.514604] Freeing unused kernel memory: 1584K
[    1.516210] Freeing unused kernel memory: 52K
Loading, please wait...
starting version 229
[    1.533615] random: systemd-udevd: uninitialized urandom read (16 bytes read, 3 bits of entropy available)
[    1.534579] random: udevadm: uninitialized urandom read (16 bytes read, 3 bits of entropy available)
[    1.534615] random: udevadm: uninitialized urandom read (16 bytes read, 3 bits of entropy available)
[    1.541773] random: systemd-udevd: uninitialized urandom read (16 bytes read, 3 bits of entropy available)
[    1.544599] random: systemd-udevd: uninitialized urandom read (16 bytes read, 3 bits of entropy available)
[    1.547268] random: systemd-udevd: uninitialized urandom read (16 bytes read, 3 bits of entropy available)
[    1.550720] random: udevadm: uninitialized urandom read (16 bytes read, 3 bits of entropy available)
[    1.551040] random: systemd-udevd: uninitialized urandom read (16 bytes read, 3 bits of entropy available)
[    1.551068] random: systemd-udevd: uninitialized urandom read (16 bytes read, 3 bits of entropy available)
[    1.551087] random: systemd-udevd: uninitialized urandom read (16 bytes read, 3 bits of entropy available)
[    1.633180] e1000: Intel(R) PRO/1000 Network Driver - version 7.3.21-k8-NAPI
[    1.636576] e1000: Copyright (c) 1999-2006 Intel Corporation.
[    1.681034] Fusion MPT base driver 3.04.20
[    1.682656] Copyright (c) 1999-2008 LSI Corporation
[    1.687740] SSE version of gcm_enc/dec engaged.
[    1.705407] Fusion MPT SPI Host driver 3.04.20
[    1.886269] input: ImExPS/2 Generic Explorer Mouse as /devices/platform/i8042/serio1/input/input4
[    2.043213] e1000 0000:00:03.0 eth0: (PCI:33MHz:32-bit) 02:be:82:6b:cc:1d
[    2.047854] e1000 0000:00:03.0 eth0: Intel(R) PRO/1000 Network Connection
[    3.024065] e1000 0000:00:08.0 eth1: (PCI:33MHz:32-bit) 08:00:27:be:65:71
[    3.025945] e1000 0000:00:08.0 eth1: Intel(R) PRO/1000 Network Connection
[    3.028720] mptbase: ioc0: Initiating bringup
[    3.029869] e1000 0000:00:03.0 enp0s3: renamed from eth0
[    3.048635] e1000 0000:00:08.0 enp0s8: renamed from eth1
[    3.105397] ioc0: LSI53C1030 A0: Capabilities={Initiator}
[    5.013519] scsi host2: ioc0: LSI53C1030 A0, FwRev=00000000h, Ports=1, MaxQ=256, IRQ=20
[    7.886085] scsi 2:0:0:0: Direct-Access     VBOX     HARDDISK         1.0  PQ: 0 ANSI: 5
[    7.891849] scsi target2:0:0: Beginning Domain Validation
[    7.894384] scsi target2:0:0: Domain Validation skipping write tests
[    7.896039] scsi target2:0:0: Ending Domain Validation
[    7.897491] scsi target2:0:0: asynchronous
[    7.899320] scsi 2:0:1:0: Direct-Access     VBOX     HARDDISK         1.0  PQ: 0 ANSI: 5
[    7.901655] scsi target2:0:1: Beginning Domain Validation
[    7.904148] scsi target2:0:1: Domain Validation skipping write tests
[    7.905848] scsi target2:0:1: Ending Domain Validation
[    7.907325] scsi target2:0:1: asynchronous
[    7.914542] sd 2:0:0:0: Attached scsi generic sg0 type 0
[    7.916110] sd 2:0:0:0: [sda] 83886080 512-byte logical blocks: (42.9 GB/40.0 GiB)
[    7.918575] sd 2:0:0:0: [sda] Write Protect is off
[    7.920118] sd 2:0:1:0: Attached scsi generic sg1 type 0
[    7.921664] sd 2:0:1:0: [sdb] 20480 512-byte logical blocks: (10.5 MB/10.0 MiB)
[    7.923877] sd 2:0:0:0: [sda] Incomplete mode parameter data
[    7.925482] sd 2:0:0:0: [sda] Assuming drive cache: write through
[    7.927233] sd 2:0:1:0: [sdb] Write Protect is off
[    7.928789] sd 2:0:1:0: [sdb] Incomplete mode parameter data
[    7.930326] sd 2:0:1:0: [sdb] Assuming drive cache: write through
[    7.935339]  sda: sda1
[    7.937043] sd 2:0:0:0: [sda] Attached SCSI disk
[    7.938893] sd 2:0:1:0: [sdb] Attached SCSI disk
Begin: Loading essential drivers ... [    9.521699] md: linear personality registered for level -1
[    9.526557] md: multipath personality registered for level -4
[    9.532293] md: raid0 personality registered for level 0
[    9.538812] md: raid1 personality registered for level 1
[    9.612034] raid6: sse2x1   gen()  8571 MB/s
[    9.680102] raid6: sse2x1   xor()  5214 MB/s
[    9.765494] raid6: sse2x2   gen()  4477 MB/s
[    9.944943] raid6: sse2x2   xor() 13981 MB/s
[   10.012080] raid6: sse2x4   gen()  9996 MB/s
[   10.080036] raid6: sse2x4   xor()  6050 MB/s
[   10.081460] raid6: using algorithm sse2x4 gen() 9996 MB/s
[   10.083006] raid6: .... xor() 6050 MB/s, rmw enabled
[   10.084413] raid6: using ssse3x2 recovery algorithm
[   10.088254] xor: measuring software checksum speed
[   10.160043]    prefetch64-sse: 95718.000 MB/sec
[   10.928063]    generic_sse: 20282.000 MB/sec
[   10.929408] xor: using function: prefetch64-sse (95718.000 MB/sec)
[   10.932472] async_tx: api initialized (async)
[   10.945234] md: raid6 personality registered for level 6
[   10.947026] md: raid5 personality registered for level 5
[   10.948490] md: raid4 personality registered for level 4
[   10.958609] md: raid10 personality registered for level 10
done.
Begin: Running /scripts/init-premount ... done.
Begin: Mounting root file system ... Begin: Running /scripts/local-top ... done.
Begin: Running /scripts/local-premount ... [   11.001445] Btrfs loaded
Scanning for Btrfs filesystems
done.
Warning: fsck not present, so skipping root file system
[   11.033149] EXT4-fs (sda1): INFO: recovery required on readonly filesystem
[   11.034947] EXT4-fs (sda1): write access will be enabled during recovery
[   11.149227] EXT4-fs (sda1): orphan cleanup on readonly fs
[   11.156239] EXT4-fs (sda1): 16 orphan inodes deleted
[   11.157646] EXT4-fs (sda1): recovery complete
[   11.159845] EXT4-fs (sda1): mounted filesystem with ordered data mode. Opts: (null)
done.
Begin: Running /scripts/local-bottom ... done.
Begin: Running /scripts/init-bottom ... done.
[   11.263252] systemd[1]: systemd 229 running in system mode. (+PAM +AUDIT +SELINUX +IMA +APPARMOR +SMACK +SYSVINIT +UTMP +LIBCRYPTSETUP +GCRYPT +GNUTLS +ACL +XZ -LZ4 +SECCOMP +BLKID +ELFUTILS +KMOD -IDN)
[   11.268003] systemd[1]: Detected virtualization oracle.
[   11.269501] systemd[1]: Detected architecture x86-64.

Welcome to [1mUbuntu 16.04.7 LTS[0m!

[   11.273553] systemd[1]: Set hostname to <devserver>.
[   11.434234] systemd[1]: Created slice System Slice.
[[0;32m  OK  [0m] Created slice System Slice.
[   11.437135] systemd[1]: Created slice system-serial\x2dgetty.slice.
[[0;32m  OK  [0m] Created slice system-serial\x2dgetty.slice.
[   11.439998] systemd[1]: Listening on Journal Socket.
[[0;32m  OK  [0m] Listening on Journal Socket.
[   12.020450] systemd[1]: Starting Set console keymap...
         Starting Set console keymap...
[   12.033530] systemd[1]: Starting Nameserver information manager...
         Starting Nameserver information manager...
[   12.044695] systemd[1]: Listening on Device-mapper event daemon FIFOs.
[[0;32m  OK  [0m] Listening on Device-mapper event daemon FIFOs.
[   12.059033] systemd[1]: Listening on udev Control Socket.
[[0;32m  OK  [0m] Listening on udev Control Socket.
[   12.069091] systemd[1]: Listening on /dev/initctl Compatibility Named Pipe.
[[0;32m  OK  [0m] Listening on /dev/initctl Compatibility Named Pipe.
[   12.079930] systemd[1]: Listening on udev Kernel Socket.
[[0;32m  OK  [0m] Listening on udev Kernel Socket.
[   12.104356] systemd[1]: Mounting Debug File System...
         Mounting Debug File System...
[   12.108888] systemd[1]: Listening on LVM2 metadata daemon socket.
[[0;32m  OK  [0m] Listening on LVM2 metadata daemon socket.
[   12.115064] systemd[1]: Starting Monitoring of LVM2 mirrors, snapshots etc. using dmeventd or progress polling...
         Starting Monitoring of LVM2 mirrors... dmeventd or progress polling...
[   12.121716] systemd[1]: Set up automount Arbitrary Executable File Formats File System Automount Point.
[[0;32m  OK  [0m] Set up automount Arbitrary Executab...ats File System Automount Point.
[   12.127857] systemd[1]: Created slice User and Session Slice.
[[0;32m  OK  [0m] Created slice User and Session Slice.
[   12.131069] systemd[1]: Listening on Syslog Socket.
[[0;32m  OK  [0m] Listening on Syslog Socket.
[   12.133520] systemd[1]: Reached target System Time Synchronized.
[[0;32m  OK  [0m] Reached target System Time Synchronized.
[   12.136265] systemd[1]: Started Trigger resolvconf update for networkd DNS.
[[0;32m  OK  [0m] Started Trigger resolvconf update for networkd DNS.
[   12.139297] systemd[1]: Listening on Journal Audit Socket.
[[0;32m  OK  [0m] Listening on Journal Audit Socket.
[   12.141963] systemd[1]: Started Forward Password Requests to Wall Directory Watch.
[[0;32m  OK  [0m] Started Forward Password Requests to Wall Directory Watch.
[   12.146439] systemd[1]: Starting Create list of required static device nodes for the current kernel...
[   12.148490] random: nonblocking pool is initialized
         Starting Create list of required st... nodes for the current kernel...
[   12.152644] systemd[1]: Reached target Slices.
[[0;32m  OK  [0m] Reached target Slices.
[   12.156768] systemd[1]: Starting Load Kernel Modules...
         Starting Load Kernel Modules...
[   12.161194] systemd[1]: Listening on LVM2 poll daemon socket.
[[0;32m  OK  [0m] Listening on LVM2 poll daemon socket.
[   12.165211] systemd[1]: Starting Uncomplicated firewall...
         Starting Uncomplicated firewall...
[   12.168605] Loading iSCSI transport class v2.0-870.
[   12.170147] systemd[1]: Mounting POSIX Message Queue File System...
         Mounting POSIX Message Queue File System...
[   12.174030] systemd[1]: Reached target Encrypted Volumes.
[[0;32m  OK  [0m] Reached target Encrypted Volumes.
[   12.176625] systemd[1]: Reached target Swap.
[[0;32m  OK  [0m] Reached target Swap.
[   12.178771] systemd[1]: Reached target User and Group Name Lookups.
[[0;32m  OK  [0m] Reached target User and Group Name Lookups.
[   12.181912] systemd[1]: Listening on Journal Socket (/dev/log).
[   12.183836] iscsi: registered transport (tcp)
[[0;32m  OK  [0m] Listening on Journal Socket (/dev/log).
[   12.186807] systemd[1]: Starting Journal Service...
         Starting Journal Service...
[   12.191501] systemd[1]: Mounting Huge Pages File System...
         Mounting Huge Pages File System...
[   12.195489] systemd[1]: Listening on fsck to fsckd communication Socket.
[[0;32m  OK  [0m] Listening on fsck to fsckd communication Socket.
[   12.200440] systemd[1]: Starting File System Check on Root Device...
         Starting File System Check on Root Device...
[   12.207080] systemd[1]: Mounted Huge Pages File System.
[[0;32m  OK  [0m] Mounted Huge Pages File System.
[   12.211852] systemd[1]: Mounted POSIX Message Queue File System.
[[0;32m  OK  [0m] Mounted POSIX Message Queue File System.
[   12.217102] systemd[1]: Mounted Debug File System.
[[0;32m  OK  [0m] Mounted Debug File System.
[   12.228520] systemd[1]: Started Journal Service.
[   12.231528] iscsi: registered transport (iser)
[[0;32m  OK  [0m] Started Journal Service.
[[0;32m  OK  [0m] Started Set console keymap.
[[0;32m  OK  [0m] Started Create list of required sta...ce nodes for the current kernel.
[[0;32m  OK  [0m] Started Load Kernel Modules.
[[0;32m  OK  [0m] Started Uncomplicated firewall.
[[0;32m  OK  [0m] Started File System Check on Root Device.
[[0;32m  OK  [0m] Started Nameserver information manager.
[[0;32m  OK  [0m] Started LVM2 metadata daemon.
[[0;32m  OK  [0m] Started File System Check Daemon to report status.
         Starting Remount Root and Kernel File Systems...
         Mounting FUSE Control File System...
         Starting Apply Kernel Variables...
         Starting Create Static Device Nodes in /dev...
[[0;32m  OK  [0m] Mounted FUSE Control File System.
[   12.288631] EXT4-fs (sda1): re-mounted. Opts: (null)
[[0;32m  OK  [0m] Started Remount Root and Kernel File Systems.
         Starting Load/Save Random Seed...
         Starting udev Coldplug all Devices...
         Starting Flush Journal to Persistent Storage...
[[0;32m  OK  [0m] Started Apply Kernel Variables.
[[0;32m  OK  [0m] Started Load/Save Random Seed.
[[0;32m  OK  [0m] Started Flush Journal to Persistent Storage.
[[0;32m  OK  [0m] Started Create Static Device Nodes in /dev.
         Starting udev Kernel Device Manager...
[[0;32m  OK  [0m] Started udev Kernel Device Manager.
[[0;32m  OK  [0m] Started udev Coldplug all Devices.
[[0;32m  OK  [0m] Started Dispatch Password Requests to Console Directory Watch.
[[0;32m  OK  [0m] Found device /dev/ttyS0.
[[0;32m  OK  [0m] Listening on Load/Save RF Kill Switch Status /dev/rfkill Watch.
[[0;32m  OK  [0m] Started Monitoring of LVM2 mirrors,...ng dmeventd or progress polling.
[[0;32m  OK  [0m] Found device 82540EM Gigabit Ethern...r (PRO/1000 MT Desktop Adapter).
[[0;32m  OK  [0m] Found device 82540EM Gigabit Ethern...r (PRO/1000 MT Desktop Adapter).
[[0;32m  OK  [0m] Reached target Local File Systems (Pre).
[[0;32m  OK  [0m] Reached target Local File Systems.
         Starting Set console font and keymap...
         Starting Tell Plymouth To Write Out Runtime Data...
         Starting LSB: AppArmor initialization...
         Starting Initial cloud-init job (pre-networking)...
         Starting Create Volatile Files and Directories...
[[0;32m  OK  [0m] Started Tell Plymouth To Write Out Runtime Data.
[[0;32m  OK  [0m] Started Create Volatile Files and Directories.
         Starting Update UTMP about System Boot/Shutdown...
[[0;32m  OK  [0m] Started Update UTMP about System Boot/Shutdown.
[[0;32m  OK  [0m] Started LSB: AppArmor initialization.
         Starting Load AppArmor profiles managed internally by snapd...
[[0;32m  OK  [0m] Started Set console font and keymap.
[[0;32m  OK  [0m] Created slice system-getty.slice.
[[0;32m  OK  [0m] Started Load AppArmor profiles managed internally by snapd.
[   14.158618] cloud-init[719]: Cloud-init v. 21.1-19-gbad84ad4-0ubuntu1~16.04.2 running 'init-local' at Sat, 04 Nov 2023 08:57:56 +0000. Up 13.84 seconds.
[[0;32m  OK  [0m] Started Initial cloud-init job (pre-networking).
[[0;32m  OK  [0m] Reached target Network (Pre).
[[0;32m  OK  [0m] Started ifup for enp0s8.
         Starting Raise network interfaces...
[[0;32m  OK  [0m] Started ifup for enp0s3.
[[0;32m  OK  [0m] Started Raise network interfaces.
         Starting Initial cloud-init job (metadata service crawler)...
[[0;32m  OK  [0m] Reached target Network.
[   15.130523] cloud-init[1121]: Cloud-init v. 21.1-19-gbad84ad4-0ubuntu1~16.04.2 running 'init' at Sat, 04 Nov 2023 08:57:57 +0000. Up 14.83 seconds.
[   15.132987] cloud-init[1121]: ci-info: ++++++++++++++++++++++++++++++++++++++Net device info+++++++++++++++++++++++++++++++++++++++
[   15.135100] cloud-init[1121]: ci-info: +--------+------+-----------------------------+---------------+--------+-------------------+
[   15.137323] cloud-init[1121]: ci-info: | Device |  Up  |           Address           |      Mask     | Scope  |     Hw-Address    |
[   15.139598] cloud-init[1121]: ci-info: +--------+------+-----------------------------+---------------+--------+-------------------+
[   15.141900] cloud-init[1121]: ci-info: | enp0s3 | True |          10.0.2.15          | 255.255.255.0 | global | 02:be:82:6b:cc:1d |
[   15.144313] cloud-init[1121]: ci-info: | enp0s3 | True |  fe80::be:82ff:fe6b:cc1d/64 |       .       |  link  | 02:be:82:6b:cc:1d |
[   15.146570] cloud-init[1121]: ci-info: | enp0s8 | True |        192.168.56.10        | 255.255.255.0 | global | 08:00:27:be:65:71 |
[   15.148822] cloud-init[1121]: ci-info: | enp0s8 | True | fe80::a00:27ff:febe:6571/64 |       .       |  link  | 08:00:27:be:65:71 |
[   15.151034] cloud-init[1121]: ci-info: |   lo   | True |          127.0.0.1          |   255.0.0.0   |  host  |         .         |
[   15.153305] cloud-init[1121]: ci-info: |   lo   | True |           ::1/128           |       .       |  host  |         .         |
[   15.155483] cloud-init[1121]: ci-info: +--------+------+-----------------------------+---------------+--------+-------------------+
[   15.157720] cloud-init[1121]: ci-info: ++++++++++++++++++++++++++++Route IPv4 info++++++++++++++++++++++++++++
[   15.159737] cloud-init[1121]: ci-info: +-------+--------------+----------+---------------+-----------+-------+
[   15.161901] cloud-init[1121]: ci-info: | Route | Destination  | Gateway  |    Genmask    | Interface | Flags |
[   15.163805] cloud-init[1121]: ci-info: +-------+--------------+----------+---------------+-----------+-------+
[   15.166811] cloud-init[1121]: ci-info: |   0   |   0.0.0.0    | 10.0.2.2 |    0.0.0.0    |   enp0s3  |   UG  |
[   15.168717] cloud-init[1121]: ci-info: |   1   |   10.0.2.0   | 0.0.0.0  | 255.255.255.0 |   enp0s3  |   U   |
[   15.170692] cloud-init[1121]: ci-info: |   2   | 192.168.56.0 | 0.0.0.0  | 255.255.255.0 |   enp0s8  |   U   |
[   15.172627] cloud-init[1121]: ci-info: +-------+--------------+----------+---------------+-----------+-------+
[   15.174557] cloud-init[1121]: ci-info: +++++++++++++++++++Route IPv6 info+++++++++++++++++++
[   15.176264] cloud-init[1121]: ci-info: +-------+-------------+---------+-----------+-------+
[   15.178100] cloud-init[1121]: ci-info: | Route | Destination | Gateway | Interface | Flags |
[   15.179937] cloud-init[1121]: ci-info: +-------+-------------+---------+-----------+-------+
[   15.181870] cloud-init[1121]: ci-info: |   0   |  fe80::/64  |    ::   |   enp0s8  |   U   |
[   15.183744] cloud-init[1121]: ci-info: |   1   |  fe80::/64  |    ::   |   enp0s3  |   U   |
[   15.185513] cloud-init[1121]: ci-info: |   4   |   ff00::/8  |    ::   |   enp0s8  |   U   |
[   15.187287] cloud-init[1121]: ci-info: |   5   |   ff00::/8  |    ::   |   enp0s3  |   U   |
[   15.189023] cloud-init[1121]: ci-info: +-------+-------------+---------+-----------+-------+
[[0;32m  OK  [0m] Started Initial cloud-init job (metadata service crawler).
[[0;32m  OK  [0m] Reached target System Initialization.
         Starting LXD - unix socket.
[[0;32m  OK  [0m] Started Message of the Day.
[[0;32m  OK  [0m] Started ACPI Events Check.
[[0;32m  OK  [0m] Reached target Paths.
         Starting Socket activation for snappy daemon.
[[0;32m  OK  [0m] Listening on ACPID Listen Socket.
[[0;32m  OK  [0m] Started Daily apt download activities.
[[0;32m  OK  [0m] Started Daily apt upgrade and clean activities.
         Starting Docker Socket for the API.
[[0;32m  OK  [0m] Listening on UUID daemon activation socket.
[[0;32m  OK  [0m] Started Daily Cleanup of Temporary Directories.
[[0;32m  OK  [0m] Reached target Timers.
[[0;32m  OK  [0m] Listening on D-Bus System Message Bus Socket.
[[0;32m  OK  [0m] Reached target Network is Online.
         Starting iSCSI initiator daemon (iscsid)...
[[0;32m  OK  [0m] Reached target Cloud-config availability.
[[0;32m  OK  [0m] Listening on LXD - unix socket.
[[0;32m  OK  [0m] Listening on Socket activation for snappy daemon.
[[0;32m  OK  [0m] Listening on Docker Socket for the API.
[[0;32m  OK  [0m] Reached target Sockets.
[[0;32m  OK  [0m] Reached target Basic System.
         Starting /etc/rc.local Compatibility...
         Starting containerd container runtime...
[[0;32m  OK  [0m] Started D-Bus System Message Bus.
         Starting Accounts Service...
         Starting Message of the Day...
         Starting System Logging Service...
         Starting MySQL Community Server...
[[0;32m  OK  [0m] Started Regular background program processing daemon.
         Starting LSB: Record successful boot for GRUB...
         Starting Snap Daemon...
[[0;32m  OK  [0m] Started Deferred execution scheduler.
[[0;32m  OK  [0m] Started ACPI event daemon.
         Starting Login Service...
[[0;32m  OK  [0m] Started GitLab Runner.
         Starting LXD - container startup/shutdown...
         Starting Virtualbox guest utils...
         Starting LSB: MD monitoring daemon...
         Starting OpenBSD Secure Shell server...
[[0;32m  OK  [0m] Started FUSE filesystem for LXC.
[[0;32m  OK  [0m] Started System Logging Service.
[[0;32m  OK  [0m] Started iSCSI initiator daemon (iscsid).
[[0;32m  OK  [0m] Started /etc/rc.local Compatibility.
[[0;32m  OK  [0m] Started Message of the Day.
         Starting Login to default iSCSI targets...
[[0;32m  OK  [0m] Started LSB: MD monitoring daemon.
[[0;32m  OK  [0m] Started LSB: Record successful boot for GRUB.
[[0;32m  OK  [0m] Started Login Service.
[[0;32m  OK  [0m] Started OpenBSD Secure Shell server.
         Starting Authenticate and Authorize Users to Run Privileged Tasks...
[[0;32m  OK  [0m] Started Unattended Upgrades Shutdown.
[[0;32m  OK  [0m] Started Login to default iSCSI targets.
[[0;32m  OK  [0m] Reached target Remote File Systems (Pre).
         Mounting /vagrant...
[[0;32m  OK  [0m] Started Authenticate and Authorize Users to Run Privileged Tasks.
[[0;32m  OK  [0m] Mounted /vagrant.
[[0;32m  OK  [0m] Started Virtualbox guest utils.
[[0;32m  OK  [0m] Started Accounts Service.
[[0;32m  OK  [0m] Reached target Remote File Systems.
         Starting LSB: automatic crash report generation...
         Starting Permit User Sessions...
         Starting LSB: daemon to balance interrupts for SMP systems...
         Starting LSB: Set the CPU Frequency Scaling governor to "ondemand"...
[[0;32m  OK  [0m] Started LXD - container startup/shutdown.
[[0;32m  OK  [0m] Started LSB: Set the CPU Frequency Scaling governor to "ondemand".
[[0;32m  OK  [0m] Started Permit User Sessions.
         Starting Hold until boot process finishes up...
         Starting Terminate Plymouth Boot Screen...
[[0;32m  OK  [0m] Started LSB: daemon to balance interrupts for SMP systems.
[[0;32m  OK  [0m] Started Hold until boot process finishes up.
         Starting Set console scheme...
[[0;32m  OK  [0m] Started Getty on tty1.
[[0;32m  OK  [0m] Started Serial Getty on ttyS0.
[[0;32m  OK  [0m] Reached target Login Prompts.
[[0;32m  OK  [0m] Started Terminate Plymouth Boot Screen.
[[0;32m  OK  [0m] Started Set console scheme.
[[0;32m  OK  [0m] Started LSB: automatic crash report generation.
[[0;32m  OK  [0m] Started Snap Daemon.
         Starting Wait until snapd is fully seeded...
[[0;32m  OK  [0m] Started Wait until snapd is fully seeded.
         Starting Apply the settings specified in cloud-config...
[[0;32m  OK  [0m] Started containerd container runtime.
         Starting Docker Application Container Engine...
[[0;32m  OK  [0m] Started MySQL Community Server.
[   17.090093] cloud-init[1448]: Cloud-init v. 21.1-19-gbad84ad4-0ubuntu1~16.04.2 running 'modules:config' at Sat, 04 Nov 2023 08:57:59 +0000. Up 16.93 seconds.
[[0;32m  OK  [0m] Started Apply the settings specified in cloud-config.
         Starting cloud-id shim...
[[0;32m  OK  [0m] Started Docker Application Container Engine.
[[0;32m  OK  [0m] Started cloud-id shim.
[[0;32m  OK  [0m] Reached target Multi-User System.
         Starting Execute cloud user/final scripts...
[[0;32m  OK  [0m] Reached target Graphical Interface.
         Starting Update UTMP about System Runlevel Changes...
[[0;32m  OK  [0m] Started GitLab Runit supervision process.
[[0;32m  OK  [0m] Started Update UTMP about System Runlevel Changes.
[   18.305756] cloud-init[1676]: Cloud-init v. 21.1-19-gbad84ad4-0ubuntu1~16.04.2 running 'modules:final' at Sat, 04 Nov 2023 08:58:00 +0000. Up 18.04 seconds.
[   18.308364] cloud-init[1676]: Cloud-init v. 21.1-19-gbad84ad4-0ubuntu1~16.04.2 finished at Sat, 04 Nov 2023 08:58:00 +0000. Datasource DataSourceNoCloud [seed=/dev/sdb][dsmode=net].  Up 18.29 seconds
[[0;32m  OK  [0m] Started Execute cloud user/final scripts.
[[0;32m  OK  [0m] Reached target Cloud-init target.

Ubuntu 16.04.7 LTS devserver ttyS0

devserver login: 