[    0.000000] Initializing cgroup subsys cpuset
[    0.000000] Initializing cgroup subsys cpu
[    0.000000] Initializing cgroup subsys cpuacct
[    0.000000] Linux version 4.4.0-210-generic (buildd@lgw01-amd64-009) (gcc version 5.4.0 20160609 (Ubuntu 5.4.0-6ubuntu1~16.04.12) ) #242-Ubuntu SMP Fri Apr 16 09:57:56 UTC 2021 (Ubuntu 4.4.0-210.242-generic 4.4.262)
[    0.000000] Command line: BOOT_IMAGE=/boot/vmlinuz-4.4.0-210-generic root=LABEL=cloudimg-rootfs ro console=tty1 console=ttyS0
[    0.000000] KERNEL supported cpus:
[    0.000000]   Intel GenuineIntel
[    0.000000]   AMD AuthenticAMD
[    0.000000]   Centaur CentaurHauls
[    0.000000] x86/fpu: Supporting XSAVE feature 0x01: 'x87 floating point registers'
[    0.000000] x86/fpu: Supporting XSAVE feature 0x02: 'SSE registers'
[    0.000000] x86/fpu: Enabled xstate features 0x3, context size is 576 bytes, using 'standard' format.
[    0.000000] e820: BIOS-provided physical RAM map:
[    0.000000] BIOS-e820: [mem 0x0000000000000000-0x000000000009fbff] usable
[    0.000000] BIOS-e820: [mem 0x000000000009fc00-0x000000000009ffff] reserved
[    0.000000] BIOS-e820: [mem 0x00000000000f0000-0x00000000000fffff] reserved
[    0.000000] BIOS-e820: [mem 0x0000000000100000-0x00000000dffeffff] usable
[    0.000000] BIOS-e820: [mem 0x00000000dfff0000-0x00000000dfffffff] ACPI data
[    0.000000] BIOS-e820: [mem 0x00000000fec00000-0x00000000fec00fff] reserved
[    0.000000] BIOS-e820: [mem 0x00000000fee00000-0x00000000fee00fff] reserved
[    0.000000] BIOS-e820: [mem 0x00000000fffc0000-0x00000000ffffffff] reserved
[    0.000000] BIOS-e820: [mem 0x0000000100000000-0x000000011fffffff] usable
[    0.000000] NX (Execute Disable) protection: active
[    0.000000] SMBIOS 2.5 present.
[    0.000000] Hypervisor detected: KVM
[    0.000000] e820: last_pfn = 0x120000 max_arch_pfn = 0x400000000
[    0.000000] MTRR: Disabled
[    0.000000] x86/PAT: MTRRs disabled, skipping PAT initialization too.
[    0.000000] CPU MTRRs all blank - virtualized system.
[    0.000000] x86/PAT: Configuration [0-7]: WB  WT  UC- UC  WB  WT  UC- UC  
[    0.000000] e820: last_pfn = 0xdfff0 max_arch_pfn = 0x400000000
[    0.000000] found SMP MP-table at [mem 0x0009fff0-0x0009ffff] mapped at [ffff88000009fff0]
[    0.000000] Scanning 1 areas for low memory corruption
[    0.000000] RAMDISK: [mem 0x362dc000-0x37165fff]
[    0.000000] ACPI: Early table checksum verification disabled
[    0.000000] ACPI: RSDP 0x00000000000E0000 000024 (v02 VBOX  )
[    0.000000] ACPI: XSDT 0x00000000DFFF0030 00003C (v01 VBOX   VBOXXSDT 00000001 ASL  00000061)
[    0.000000] ACPI: FACP 0x00000000DFFF00F0 0000F4 (v04 VBOX   VBOXFACP 00000001 ASL  00000061)
[    0.000000] ACPI: DSDT 0x00000000DFFF0620 002353 (v02 VBOX   VBOXBIOS 00000002 INTL 20230628)
[    0.000000] ACPI: FACS 0x00000000DFFF0200 000040
[    0.000000] ACPI: FACS 0x00000000DFFF0200 000040
[    0.000000] ACPI: APIC 0x00000000DFFF0240 00006C (v02 VBOX   VBOXAPIC 00000001 ASL  00000061)
[    0.000000] ACPI: SSDT 0x00000000DFFF02B0 00036C (v01 VBOX   VBOXCPUT 00000002 INTL 20230628)
[    0.000000] No NUMA configuration found
[    0.000000] Faking a node at [mem 0x0000000000000000-0x000000011fffffff]
[    0.000000] NODE_DATA(0) allocated [mem 0x11fff7000-0x11fffbfff]
[    0.000000] kvm-clock: Using msrs 4b564d01 and 4b564d00
[    0.000000] kvm-clock: cpu 0, msr 1:1ffef001, primary cpu clock
[    0.000000] kvm-clock: using sched offset of 3019949603 cycles
[    0.000000] clocksource: kvm-clock: mask: 0xffffffffffffffff max_cycles: 0x1cd42e4dffb, max_idle_ns: 881590591483 ns
[    0.000000] Zone ranges:
[    0.000000]   DMA      [mem 0x0000000000001000-0x0000000000ffffff]
[    0.000000]   DMA32    [mem 0x0000000001000000-0x00000000ffffffff]
[    0.000000]   Normal   [mem 0x0000000100000000-0x000000011fffffff]
[    0.000000]   Device   empty
[    0.000000] Movable zone start for each node
[    0.000000] Early memory node ranges
[    0.000000]   node   0: [mem 0x0000000000001000-0x000000000009efff]
[    0.000000]   node   0: [mem 0x0000000000100000-0x00000000dffeffff]
[    0.000000]   node   0: [mem 0x0000000100000000-0x000000011fffffff]
[    0.000000] Initmem setup node 0 [mem 0x0000000000001000-0x000000011fffffff]
[    0.000000] ACPI: PM-Timer IO Port: 0x4008
[    0.000000] IOAPIC[0]: apic_id 4, version 32, address 0xfec00000, GSI 0-23
[    0.000000] ACPI: INT_SRC_OVR (bus 0 bus_irq 0 global_irq 2 dfl dfl)
[    0.000000] ACPI: INT_SRC_OVR (bus 0 bus_irq 9 global_irq 9 low level)
[    0.000000] Using ACPI (MADT) for SMP configuration information
[    0.000000] smpboot: Allowing 4 CPUs, 0 hotplug CPUs
[    0.000000] PM: Registered nosave memory: [mem 0x00000000-0x00000fff]
[    0.000000] PM: Registered nosave memory: [mem 0x0009f000-0x0009ffff]
[    0.000000] PM: Registered nosave memory: [mem 0x000a0000-0x000effff]
[    0.000000] PM: Registered nosave memory: [mem 0x000f0000-0x000fffff]
[    0.000000] PM: Registered nosave memory: [mem 0xdfff0000-0xdfffffff]
[    0.000000] PM: Registered nosave memory: [mem 0xe0000000-0xfebfffff]
[    0.000000] PM: Registered nosave memory: [mem 0xfec00000-0xfec00fff]
[    0.000000] PM: Registered nosave memory: [mem 0xfec01000-0xfedfffff]
[    0.000000] PM: Registered nosave memory: [mem 0xfee00000-0xfee00fff]
[    0.000000] PM: Registered nosave memory: [mem 0xfee01000-0xfffbffff]
[    0.000000] PM: Registered nosave memory: [mem 0xfffc0000-0xffffffff]
[    0.000000] e820: [mem 0xe0000000-0xfebfffff] available for PCI devices
[    0.000000] Booting paravirtualized kernel on KVM
[    0.000000] clocksource: refined-jiffies: mask: 0xffffffff max_cycles: 0xffffffff, max_idle_ns: 7645519600211568 ns
[    0.000000] setup_percpu: NR_CPUS:512 nr_cpumask_bits:512 nr_cpu_ids:4 nr_node_ids:1
[    0.000000] PERCPU: Embedded 33 pages/cpu @ffff88011fc00000 s95192 r8192 d31784 u524288
[    0.000000] Built 1 zonelists in Node order, mobility grouping on.  Total pages: 1032056
[    0.000000] Policy zone: Normal
[    0.000000] Kernel command line: BOOT_IMAGE=/boot/vmlinuz-4.4.0-210-generic root=LABEL=cloudimg-rootfs ro console=tty1 console=ttyS0
[    0.000000] PID hash table entries: 4096 (order: 3, 32768 bytes)
[    0.000000] Memory: 4028040K/4193848K available (8644K kernel code, 1332K rwdata, 4044K rodata, 1492K init, 1164K bss, 165808K reserved, 0K cma-reserved)
[    0.000000] SLUB: HWalign=64, Order=0-3, MinObjects=0, CPUs=4, Nodes=1
[    0.000000] Kernel/User page tables isolation: enabled
[    0.000000] Hierarchical RCU implementation.
[    0.000000] 	Build-time adjustment of leaf fanout to 64.
[    0.000000] 	RCU restricting CPUs from NR_CPUS=512 to nr_cpu_ids=4.
[    0.000000] RCU: Adjusting geometry for rcu_fanout_leaf=64, nr_cpu_ids=4
[    0.000000] NR_IRQS:33024 nr_irqs:456 16
[    0.000000] Console: colour VGA+ 80x25
[    0.000000] console [tty1] enabled
[    0.000000] console [ttyS0] enabled
[    0.000000] tsc: Detected 1113.599 MHz processor
[    0.258944] Calibrating delay loop (skipped) preset value.. 2227.19 BogoMIPS (lpj=4454396)
[    0.261574] pid_max: default: 32768 minimum: 301
[    0.262892] ACPI: Core revision 20150930
[    0.265413] ACPI: 2 ACPI AML tables successfully acquired and loaded
[    0.267598] Security Framework initialized
[    0.268863] Yama: becoming mindful.
[    0.269986] AppArmor: AppArmor initialized
[    0.271685] Dentry cache hash table entries: 524288 (order: 10, 4194304 bytes)
[    0.275149] Inode-cache hash table entries: 262144 (order: 9, 2097152 bytes)
[    0.277293] Mount-cache hash table entries: 8192 (order: 4, 65536 bytes)
[    0.279027] Mountpoint-cache hash table entries: 8192 (order: 4, 65536 bytes)
[    0.281554] Initializing cgroup subsys io
[    0.282815] Initializing cgroup subsys memory
[    0.284071] Initializing cgroup subsys devices
[    0.285565] Initializing cgroup subsys freezer
[    0.286865] Initializing cgroup subsys net_cls
[    0.288129] Initializing cgroup subsys perf_event
[    0.289521] Initializing cgroup subsys net_prio
[    0.290826] Initializing cgroup subsys hugetlb
[    0.292112] Initializing cgroup subsys pids
[    0.302947] mce: CPU supports 0 MCE banks
[    0.304187] Last level iTLB entries: 4KB 0, 2MB 0, 4MB 0
[    0.305714] Last level dTLB entries: 4KB 0, 2MB 0, 4MB 0, 1GB 0
[    0.307376] Spectre V1 : Mitigation: usercopy/swapgs barriers and __user pointer sanitization
[    0.309927] Spectre V2 : Mitigation: Full generic retpoline
[    0.311418] Spectre V2 : Spectre v2 / SpectreRSB mitigation: Filling RSB on context switch
[    0.313827] Speculative Store Bypass: Vulnerable
[    0.315406] MDS: Mitigation: Clear CPU buffers
[    0.321540] Freeing SMP alternatives memory: 36K
[    0.333886] ftrace: allocating 32380 entries in 127 pages
[    0.432115] smpboot: APIC(0) Converting physical 0 to logical package 0
[    0.433951] smpboot: Max logical packages: 1
[    0.435799] x2apic enabled
[    0.437248] Switched APIC routing to physical x2apic.
[    0.440497] ..TIMER: vector=0x30 apic1=0 pin1=2 apic2=-1 pin2=-1
[    0.550276] smpboot: CPU0: Intel(R) Celeron(R) N5100 @ 1.10GHz (family: 0x6, model: 0x9c, stepping: 0x0)
[    0.553428] Performance Events: unsupported p6 CPU model 156 no PMU driver, software events only.
[    0.568746] KVM setup paravirtual spinlock
[    0.571008] x86: Booting SMP configuration:
[    0.572417] .... node  #0, CPUs:      #1
[    0.573807] kvm-clock: cpu 1, msr 1:1ffef041, secondary cpu clock
[    0.587988] mce: CPU supports 0 MCE banks
[    0.590889]  #2
[    0.591798] kvm-clock: cpu 2, msr 1:1ffef081, secondary cpu clock
[    0.602593] mce: CPU supports 0 MCE banks
[    0.605761]  #3
[    0.606602] kvm-clock: cpu 3, msr 1:1ffef0c1, secondary cpu clock
[    0.617254] mce: CPU supports 0 MCE banks
[    0.620448] x86: Booted up 1 node, 4 CPUs
[    0.622011] smpboot: Total of 4 processors activated (8908.79 BogoMIPS)
[    0.624262] devtmpfs: initialized
[    0.627735] evm: security.selinux
[    0.628838] evm: security.SMACK64
[    0.629911] evm: security.SMACK64EXEC
[    0.631047] evm: security.SMACK64TRANSMUTE
[    0.632258] evm: security.SMACK64MMAP
[    0.633392] evm: security.ima
[    0.634386] evm: security.capability
[    0.635767] clocksource: jiffies: mask: 0xffffffff max_cycles: 0xffffffff, max_idle_ns: 7645041785100000 ns
[    0.638448] futex hash table entries: 1024 (order: 4, 65536 bytes)
[    0.640258] pinctrl core: initialized pinctrl subsystem
[    0.641837] RTC time: 10:11:39, date: 10/31/23
[    0.643485] NET: Registered protocol family 16
[    0.655407] cpuidle: using governor ladder
[    0.667015] cpuidle: using governor menu
[    0.668303] PCCT header not found.
[    0.669821] ACPI: bus type PCI registered
[    0.671060] acpiphp: ACPI Hot Plug PCI Controller Driver version: 0.5
[    0.672892] PCI: Using configuration type 1 for base access
[    0.688456] ACPI: Added _OSI(Module Device)
[    0.689774] ACPI: Added _OSI(Processor Device)
[    0.691447] ACPI: Added _OSI(3.0 _SCP Extensions)
[    0.692781] ACPI: Added _OSI(Processor Aggregator Device)
[    0.695121] ACPI: Executed 1 blocks of module-level executable AML code
[    0.699236] ACPI: Interpreter enabled
[    0.700421] ACPI: (supports S0 S5)
[    0.701513] ACPI: Using IOAPIC for interrupt routing
[    0.703106] PCI: Using host bridge windows from ACPI; if necessary, use "pci=nocrs" and report a bug
[    0.709907] ACPI: PCI Root Bridge [PCI0] (domain 0000 [bus 00-ff])
[    0.711563] acpi PNP0A03:00: _OSC: OS supports [ASPM ClockPM Segments MSI]
[    0.713706] acpi PNP0A03:00: _OSC: not requesting OS control; OS requires [ExtendedConfig ASPM ClockPM MSI]
[    0.716387] acpi PNP0A03:00: fail to add MMCONFIG information, can't access extended PCI configuration space under this bridge.
[    0.719802] PCI host bridge to bus 0000:00
[    0.721032] pci_bus 0000:00: root bus resource [io  0x0000-0x0cf7 window]
[    0.722779] pci_bus 0000:00: root bus resource [io  0x0d00-0xffff window]
[    0.740725] pci_bus 0000:00: root bus resource [mem 0x000a0000-0x000bffff window]
[    0.743198] pci_bus 0000:00: root bus resource [mem 0xe0000000-0xfdffffff window]
[    0.745480] pci_bus 0000:00: root bus resource [bus 00-ff]
[    0.749197] pci 0000:00:01.1: legacy IDE quirk: reg 0x10: [io  0x01f0-0x01f7]
[    0.751044] pci 0000:00:01.1: legacy IDE quirk: reg 0x14: [io  0x03f6]
[    0.752731] pci 0000:00:01.1: legacy IDE quirk: reg 0x18: [io  0x0170-0x0177]
[    0.754630] pci 0000:00:01.1: legacy IDE quirk: reg 0x1c: [io  0x0376]
[    0.816896] pci 0000:00:07.0: quirk: [io  0x4000-0x403f] claimed by PIIX4 ACPI
[    0.824684] pci 0000:00:07.0: quirk: [io  0x4100-0x410f] claimed by PIIX4 SMB
[    0.867664] ACPI: PCI Interrupt Link [LNKA] (IRQs 5 9 10 *11)
[    0.870188] ACPI: PCI Interrupt Link [LNKB] (IRQs 5 9 *10 11)
[    0.872506] ACPI: PCI Interrupt Link [LNKC] (IRQs 5 *9 10 11)
[    0.874883] ACPI: PCI Interrupt Link [LNKD] (IRQs 5 9 10 *11)
[    0.877218] ACPI: Enabled 2 GPEs in block 00 to 07
[    0.879072] vgaarb: setting as boot device: PCI:0000:00:02.0
[    0.880615] vgaarb: device added: PCI:0000:00:02.0,decodes=io+mem,owns=io+mem,locks=none
[    0.884030] vgaarb: loaded
[    0.885528] vgaarb: bridge control possible 0000:00:02.0
[    0.888273] SCSI subsystem initialized
[    0.889686] ACPI: bus type USB registered
[    0.891293] usbcore: registered new interface driver usbfs
[    0.892829] usbcore: registered new interface driver hub
[    0.894400] usbcore: registered new device driver usb
[    0.896869] PCI: Using ACPI for IRQ routing
[    0.899448] NetLabel: Initializing
[    0.900695] NetLabel:  domain hash size = 128
[    0.902205] NetLabel:  protocols = UNLABELED CIPSOv4
[    0.903802] NetLabel:  unlabeled traffic allowed by default
[    0.905648] amd_nb: Cannot enumerate AMD northbridges
[    0.907535] clocksource: Switched to clocksource kvm-clock
[    0.915816] AppArmor: AppArmor Filesystem Enabled
[    0.917297] pnp: PnP ACPI init
[    0.919329] pnp: PnP ACPI: found 3 devices
[    0.930842] clocksource: acpi_pm: mask: 0xffffff max_cycles: 0xffffff, max_idle_ns: 2085701024 ns
[    0.933585] NET: Registered protocol family 2
[    0.935176] TCP established hash table entries: 32768 (order: 6, 262144 bytes)
[    0.937404] TCP bind hash table entries: 32768 (order: 7, 524288 bytes)
[    0.939485] TCP: Hash tables configured (established 32768 bind 32768)
[    0.941213] UDP hash table entries: 2048 (order: 4, 65536 bytes)
[    0.942804] UDP-Lite hash table entries: 2048 (order: 4, 65536 bytes)
[    0.944582] NET: Registered protocol family 1
[    0.945865] pci 0000:00:00.0: Limiting direct PCI/PCI transfers
[    0.947833] pci 0000:00:01.0: Activating ISA DMA hang workarounds
[    0.949632] Unpacking initramfs...
[    1.190958] Freeing initrd memory: 14888K
[    1.192272] PCI-DMA: Using software bounce buffering for IO (SWIOTLB)
[    1.193941] software IO TLB: mapped [mem 0xdbff0000-0xdfff0000] (64MB)
[    1.195676] clocksource: tsc: mask: 0xffffffffffffffff max_cycles: 0x100d47dceae, max_idle_ns: 440795244181 ns
[    1.198403] platform rtc_cmos: registered platform RTC device (no PNP device found)
[    1.200650] Scanning for low memory corruption every 60 seconds
[    1.203134] audit: initializing netlink subsys (disabled)
[    1.204721] audit: type=2000 audit(1698747104.386:1): initialized
[    1.206613] Initialise system trusted keyring
[    1.208090] HugeTLB registered 2 MB page size, pre-allocated 0 pages
[    1.211164] zbud: loaded
[    1.212492] VFS: Disk quotas dquot_6.6.0
[    1.213715] VFS: Dquot-cache hash table entries: 512 (order 0, 4096 bytes)
[    1.216149] squashfs: version 4.0 (2009/01/31) Phillip Lougher
[    1.218776] fuse init (API version 7.23)
[    1.220363] Key type big_key registered
[    1.221686] Allocating IMA MOK and blacklist keyrings.
[    1.224586] Key type asymmetric registered
[    1.226008] Asymmetric key parser 'x509' registered
[    1.227438] Block layer SCSI generic (bsg) driver version 0.4 loaded (major 249)
[    1.230159] io scheduler noop registered
[    1.231343] io scheduler deadline registered (default)
[    1.232944] io scheduler cfq registered
[    1.234236] pci_hotplug: PCI Hot Plug PCI Core version: 0.5
[    1.235768] pciehp: PCI Express Hot Plug Controller Driver version: 0.4
[    1.237754] ACPI: AC Adapter [AC] (off-line)
[    1.239065] input: Power Button as /devices/LNXSYSTM:00/LNXPWRBN:00/input/input0
[    1.241325] ACPI: Power Button [PWRF]
[    1.242528] input: Sleep Button as /devices/LNXSYSTM:00/LNXSLPBN:00/input/input1
[    1.244890] ACPI: Sleep Button [SLPF]
[    1.246321] GHES: HEST is not enabled!
[    1.247413] ACPI: Battery Slot [BAT0] (battery present)
[    1.249743] Serial: 8250/16550 driver, 32 ports, IRQ sharing enabled
[    1.272397] 00:02: ttyS0 at I/O 0x3f8 (irq = 4, base_baud = 115200) is a 16550A
[    1.277065] Linux agpgart interface v0.103
[    1.280511] loop: module loaded
[    1.282260] scsi host0: ata_piix
[    1.283698] scsi host1: ata_piix
[    1.284775] ata1: PATA max UDMA/33 cmd 0x1f0 ctl 0x3f6 bmdma 0xd000 irq 14
[    1.286527] ata2: PATA max UDMA/33 cmd 0x170 ctl 0x376 bmdma 0xd008 irq 15
[    1.288629] libphy: Fixed MDIO Bus: probed
[    1.289875] tun: Universal TUN/TAP device driver, 1.6
[    1.291271] tun: (C) 1999-2004 Max Krasnyansky <maxk@qualcomm.com>
[    1.293030] PPP generic driver version 2.4.2
[    1.294445] ehci_hcd: USB 2.0 'Enhanced' Host Controller (EHCI) Driver
[    1.296118] ehci-pci: EHCI PCI platform driver
[    1.297403] ehci-platform: EHCI generic platform driver
[    1.299406] ohci_hcd: USB 1.1 'Open' Host Controller (OHCI) Driver
[    1.301192] ohci-pci: OHCI PCI platform driver
[    1.302618] ohci-platform: OHCI generic platform driver
[    1.304175] uhci_hcd: USB Universal Host Controller Interface driver
[    1.306004] i8042: PNP: PS/2 Controller [PNP0303:PS2K,PNP0f03:PS2M] at 0x60,0x64 irq 1,12
[    1.309184] serio: i8042 KBD port at 0x60,0x64 irq 1
[    1.310642] serio: i8042 AUX port at 0x60,0x64 irq 12
[    1.312352] mousedev: PS/2 mouse device common for all mice
[    1.314252] input: AT Translated Set 2 keyboard as /devices/platform/i8042/serio0/input/input2
[    1.317343] rtc_cmos rtc_cmos: rtc core: registered rtc_cmos as rtc0
[    1.319122] rtc_cmos rtc_cmos: alarms up to one day, 114 bytes nvram
[    1.320833] i2c /dev entries driver
[    1.321999] device-mapper: uevent: version 1.0.3
[    1.323582] device-mapper: ioctl: 4.34.0-ioctl (2015-10-28) initialised: dm-devel@redhat.com
[    1.325965] ledtrig-cpu: registered to indicate activity on CPUs
[    1.328011] NET: Registered protocol family 10
[    1.329563] NET: Registered protocol family 17
[    1.331282] Key type dns_resolver registered
[    1.333035] registered taskstats version 1
[    1.334296] Loading compiled-in X.509 certificates
[    1.336524] Loaded X.509 cert 'Build time autogenerated kernel key: cf00e047681d67edb2720680708b7d9498083038'
[    1.339358] zswap: loaded using pool lzo/zbud
[    1.343687] Key type trusted registered
[    1.349116] Key type encrypted registered
[    1.350396] AppArmor: AppArmor sha1 policy hashing enabled
[    1.352069] ima: No TPM chip found, activating TPM-bypass!
[    1.353600] ima: Allocated hash algorithm: sha1
[    1.354932] evm: HMAC attrs: 0x1
[    1.356397]   Magic number: 11:32:175
[    1.357551] misc network_throughput: hash matches
[    1.359029] rtc_cmos rtc_cmos: setting system clock to 2023-10-31 10:11:40 UTC (1698747100)
[    1.362118] BIOS EDD facility v0.16 2004-Jun-25, 0 devices found
[    1.364143] EDD information not available.
[    1.488525] Freeing unused kernel memory: 1492K
[    1.493408] Write protecting the kernel read-only data: 14336k
[    1.498786] Freeing unused kernel memory: 1584K
[    1.500336] Freeing unused kernel memory: 52K
Loading, please wait...
starting version 229
[    1.517685] random: systemd-udevd: uninitialized urandom read (16 bytes read, 3 bits of entropy available)
[    1.518476] random: udevadm: uninitialized urandom read (16 bytes read, 3 bits of entropy available)
[    1.518518] random: udevadm: uninitialized urandom read (16 bytes read, 3 bits of entropy available)
[    1.526109] random: systemd-udevd: uninitialized urandom read (16 bytes read, 3 bits of entropy available)
[    1.528908] random: systemd-udevd: uninitialized urandom read (16 bytes read, 3 bits of entropy available)
[    1.531650] random: systemd-udevd: uninitialized urandom read (16 bytes read, 3 bits of entropy available)
[    1.535850] random: udevadm: uninitialized urandom read (16 bytes read, 3 bits of entropy available)
[    1.535948] random: udevadm: uninitialized urandom read (16 bytes read, 3 bits of entropy available)
[    1.536513] random: udevadm: uninitialized urandom read (16 bytes read, 3 bits of entropy available)
[    1.536628] random: udevadm: uninitialized urandom read (16 bytes read, 3 bits of entropy available)
[    1.617249] e1000: Intel(R) PRO/1000 Network Driver - version 7.3.21-k8-NAPI
[    1.624883] e1000: Copyright (c) 1999-2006 Intel Corporation.
[    1.646115] Fusion MPT base driver 3.04.20
[    1.654732] Copyright (c) 1999-2008 LSI Corporation
[    1.679952] SSE version of gcm_enc/dec engaged.
[    1.710437] Fusion MPT SPI Host driver 3.04.20
[    1.872587] input: ImExPS/2 Generic Explorer Mouse as /devices/platform/i8042/serio1/input/input4
[    2.063945] e1000 0000:00:03.0 eth0: (PCI:33MHz:32-bit) 02:be:82:6b:cc:1d
[    2.065847] e1000 0000:00:03.0 eth0: Intel(R) PRO/1000 Network Connection
[    2.447182] e1000 0000:00:08.0 eth1: (PCI:33MHz:32-bit) 08:00:27:8e:df:fc
[    2.449260] e1000 0000:00:08.0 eth1: Intel(R) PRO/1000 Network Connection
[    2.452645] e1000 0000:00:03.0 enp0s3: renamed from eth0
[    2.454953] mptbase: ioc0: Initiating bringup
[    2.472031] e1000 0000:00:08.0 enp0s8: renamed from eth1
[    2.686339] ioc0: LSI53C1030 A0: Capabilities={Initiator}
[    4.687485] scsi host2: ioc0: LSI53C1030 A0, FwRev=00000000h, Ports=1, MaxQ=256, IRQ=20
[    6.713948] scsi 2:0:0:0: Direct-Access     VBOX     HARDDISK         1.0  PQ: 0 ANSI: 5
[    6.719923] scsi target2:0:0: Beginning Domain Validation
[    6.723277] scsi target2:0:0: Domain Validation skipping write tests
[    6.724948] scsi target2:0:0: Ending Domain Validation
[    6.726426] scsi target2:0:0: asynchronous
[    6.728601] scsi 2:0:1:0: Direct-Access     VBOX     HARDDISK         1.0  PQ: 0 ANSI: 5
[    6.730990] scsi target2:0:1: Beginning Domain Validation
[    6.733451] scsi target2:0:1: Domain Validation skipping write tests
[    6.735107] scsi target2:0:1: Ending Domain Validation
[    6.736582] scsi target2:0:1: asynchronous
[    6.743311] sd 2:0:0:0: [sda] 83886080 512-byte logical blocks: (42.9 GB/40.0 GiB)
[    6.746527] sd 2:0:0:0: [sda] Write Protect is off
[    6.746626] sd 2:0:0:0: Attached scsi generic sg0 type 0
[    6.749647] sd 2:0:0:0: [sda] Incomplete mode parameter data
[    6.751203] sd 2:0:0:0: [sda] Assuming drive cache: write through
[    6.751977] sd 2:0:1:0: [sdb] 20480 512-byte logical blocks: (10.5 MB/10.0 MiB)
[    6.752011] sd 2:0:1:0: Attached scsi generic sg1 type 0
[    6.752155] sd 2:0:1:0: [sdb] Write Protect is off
[    6.752372] sd 2:0:1:0: [sdb] Incomplete mode parameter data
[    6.752373] sd 2:0:1:0: [sdb] Assuming drive cache: write through
[    6.755370] sd 2:0:1:0: [sdb] Attached SCSI disk
[    6.764923]  sda: sda1
[    6.766479] sd 2:0:0:0: [sda] Attached SCSI disk
Begin: Loading essential drivers ... [    8.394964] md: linear personality registered for level -1
[    8.400003] md: multipath personality registered for level -4
[    8.405479] md: raid0 personality registered for level 0
[    8.412041] md: raid1 personality registered for level 1
[    8.495752] raid6: sse2x1   gen()  7968 MB/s
[    8.571179] raid6: sse2x1   xor()  6157 MB/s
[    8.639622] raid6: sse2x2   gen() 10288 MB/s
[    8.707573] raid6: sse2x2   xor()  6169 MB/s
[    8.791169] raid6: sse2x4   gen() 13580 MB/s
[    8.872915] raid6: sse2x4   xor()  7700 MB/s
[    8.874370] raid6: using algorithm sse2x4 gen() 13580 MB/s
[    8.875880] raid6: .... xor() 7700 MB/s, rmw enabled
[    8.877319] raid6: using ssse3x2 recovery algorithm
[    8.880133] xor: measuring software checksum speed
[    8.955588]    prefetch64-sse: 44422.000 MB/sec
[    9.021779]    generic_sse: 41582.000 MB/sec
[    9.023578] xor: using function: prefetch64-sse (44422.000 MB/sec)
[    9.030301] async_tx: api initialized (async)
[    9.062783] md: raid6 personality registered for level 6
[    9.065883] md: raid5 personality registered for level 5
[    9.068137] md: raid4 personality registered for level 4
[    9.090163] md: raid10 personality registered for level 10
done.
Begin: Running /scripts/init-premount ... done.
Begin: Mounting root file system ... Begin: Running /scripts/local-top ... done.
Begin: Running /scripts/local-premount ... [    9.163966] Btrfs loaded
Scanning for Btrfs filesystems
done.
Warning: fsck not present, so skipping root file system
[    9.273687] EXT4-fs (sda1): mounted filesystem with ordered data mode. Opts: (null)
done.
Begin: Running /scripts/local-bottom ... done.
Begin: Running /scripts/init-bottom ... done.
[    9.652205] systemd[1]: systemd 229 running in system mode. (+PAM +AUDIT +SELINUX +IMA +APPARMOR +SMACK +SYSVINIT +UTMP +LIBCRYPTSETUP +GCRYPT +GNUTLS +ACL +XZ -LZ4 +SECCOMP +BLKID +ELFUTILS +KMOD -IDN)
[    9.659272] systemd[1]: Detected virtualization oracle.
[    9.661236] systemd[1]: Detected architecture x86-64.

Welcome to [1mUbuntu 16.04.7 LTS[0m!

[    9.669952] systemd[1]: Set hostname to <ubuntu>.
[    9.678227] systemd[1]: Initializing machine ID from random generator.
[    9.680749] systemd[1]: Installed transient /etc/machine-id file.
[   10.145225] systemd[1]: Reached target User and Group Name Lookups.
[[0;32m  OK  [0m] Reached target User and Group Name Lookups.
[   10.149385] systemd[1]: Reached target Swap.
[[0;32m  OK  [0m] Reached target Swap.
[   10.153010] systemd[1]: Created slice User and Session Slice.
[[0;32m  OK  [0m] Created slice User and Session Slice.
[   10.155886] systemd[1]: Listening on Device-mapper event daemon FIFOs.
[[0;32m  OK  [0m] Listening on Device-mapper event daemon FIFOs.
[   10.159042] systemd[1]: Started Trigger resolvconf update for networkd DNS.
[[0;32m  OK  [0m] Started Trigger resolvconf update for networkd DNS.
[   10.162124] systemd[1]: Listening on Syslog Socket.
[[0;32m  OK  [0m] Listening on Syslog Socket.
[   10.166060] systemd[1]: Created slice System Slice.
[[0;32m  OK  [0m] Created slice System Slice.
[   10.169283] systemd[1]: Created slice system-serial\x2dgetty.slice.
[[0;32m  OK  [0m] Created slice system-serial\x2dgetty.slice.
[   10.172217] systemd[1]: Listening on udev Control Socket.
[[0;32m  OK  [0m] Listening on udev Control Socket.
[   10.174768] systemd[1]: Listening on /dev/initctl Compatibility Named Pipe.
[[0;32m  OK  [0m] Listening on /dev/initctl Compatibility Named Pipe.
[   10.177771] systemd[1]: Listening on LVM2 poll daemon socket.
[[0;32m  OK  [0m] Listening on LVM2 poll daemon socket.
[   10.180552] systemd[1]: Set up automount Arbitrary Executable File Formats File System Automount Point.
[[0;32m  OK  [0m] Set up automount Arbitrary Executab...ats File System Automount Point.
[   10.185552] systemd[1]: Listening on Journal Socket (/dev/log).
[[0;32m  OK  [0m] Listening on Journal Socket (/dev/log).
[   10.188083] systemd[1]: Reached target Slices.
[[0;32m  OK  [0m] Reached target Slices.
[   10.190475] systemd[1]: Started Forward Password Requests to Wall Directory Watch.
[[0;32m  OK  [0m] Started Forward Password Requests to Wall Directory Watch.
[   10.194139] systemd[1]: Listening on Journal Audit Socket.
[[0;32m  OK  [0m] Listening on Journal Audit Socket.
[   10.196705] systemd[1]: Listening on udev Kernel Socket.
[[0;32m  OK  [0m] Listening on udev Kernel Socket.
[   10.200848] systemd[1]: Reached target Encrypted Volumes.
[[0;32m  OK  [0m] Reached target Encrypted Volumes.
[   10.203378] systemd[1]: Listening on LVM2 metadata daemon socket.
[[0;32m  OK  [0m] Listening on LVM2 metadata daemon socket.
[   10.206254] systemd[1]: Reached target System Time Synchronized.
[[0;32m  OK  [0m] Reached target System Time Synchronized.
[   10.208971] systemd[1]: Listening on Journal Socket.
[[0;32m  OK  [0m] Listening on Journal Socket.
[   10.227879] systemd[1]: Starting Create list of required static device nodes for the current kernel...
         Startin[   10.232016] random: nonblocking pool is initialized
g Create list of required st... nodes for the current kernel...
[   10.238374] systemd[1]: Starting Monitoring of LVM2 mirrors, snapshots etc. using dmeventd or progress polling...
         Starting Monitoring of LVM2 mirrors... dmeventd or progress polling...
[   10.249258] systemd[1]: Starting Set console keymap...
         Starting Set console keymap...
[   10.254668] systemd[1]: Starting Nameserver information manager...
         Starting Nameserver information manager...
[   10.259795] systemd[1]: Mounting Debug File System...
         Mounting Debug File System...
[   10.263582] systemd[1]: Mounting Huge Pages File System...
         Mounting Huge Pages File System...
[   10.272183] systemd[1]: Starting Journal Service...
         Starting Journal Service...
[   10.276840] systemd[1]: Starting Load Kernel Modules...
         Starting Load Kernel Modules...
[   10.281491] systemd[1]: Mounting POSIX Message Queue File System...
         Mounting POSIX Message Queue File System...
[   10.287267] systemd[1]: Starting Uncomplicated firewall...
         Starting Uncomplicated firewall...
[   10.291864] systemd[1]: Listening on fsck to fsckd communication Socket.
[[0;32m  OK  [0m] Listening on fsck to fsckd communication Socket.
[   10.299773] systemd[1]: Starting File System Check on Root Device...
         Starting File System Ch[   10.305005] Loading iSCSI transport class v2.0-870.
eck on Root Device...
[   10.310617] systemd[1]: Mounted Huge Pages File System.
[[0;32m  OK  [[   10.316215] systemd[1]: Mounted POSIX Message Queue File System.
0m] Mounted Huge Pages File System.
[[0;32m  OK  [0m] Mounted POSIX Message Queue File System.
[   10.322272] systemd[1]: Mounted Debug File System.
[[0;32m  OK  [0m] Mounted Debug File System.
[   10.327719] systemd[1]: Started Journal Service.
[[0;32m  OK  [0m] Started Journal Service.
[   10.334593] iscsi: registered transport (tcp)
[[0;32m  OK  [0m] Started Create list of required sta...ce nodes for the current kernel.
[[0;32m  OK  [0m] Started Set console keymap.
[[0;32m  OK  [0m] Started Uncomplicated firewall.
[[0;32m  OK  [0m] Started File System Check on Root Device.
[   10.366133] iscsi: registered transport (iser)
[[0;32m  OK  [0m] Started Nameserver information manager.
[[0;32m  OK  [0m] Started Load Kernel Modules.
[[0;32m  OK  [0m] Started File System Check Daemon to report status.
[[0;32m  OK  [0m] Started LVM2 metadata daemon.
         Starting Apply Kernel Variables...
         Mounting FUSE Control File System...
         Starting Remount Root and Kernel File Systems...
         Starting Create Static Device Nodes in /dev...
[[0;32m  OK  [0m] Mounted FUSE Control File System.
[[0;32m  OK  [0m] Started Apply Kernel Variables.
[[0;32m  OK  [0m] Started Remount Root and Kernel File Systems.
         Starting udev Coldplug all Devices...
         Starting Load/Save Random Seed...
         Starting Flush Journal to Persistent Storage...
[[0;32m  OK  [0m] Started Create Static Device Nodes in /dev.
[[0;32m  OK  [0m] Started Load/Save Random Seed.
         Starting udev Kernel Device Manager...
[[0;32m  OK  [0m] Started Flush Journal to Persistent Storage.
[[0;32m  OK  [0m] Started udev Kernel Device Manager.
[[0;32m  OK  [0m] Started udev Coldplug all Devices.
[[0;32m  OK  [0m] Started Dispatch Password Requests to Console Directory Watch.
[[0;32m  OK  [0m] Found device /dev/ttyS0.
[[0;32m  OK  [0m] Listening on Load/Save RF Kill Switch Status /dev/rfkill Watch.
[[0;32m  OK  [0m] Started Monitoring of LVM2 mirrors,...ng dmeventd or progress polling.
[[0;32m  OK  [0m] Reached target Local File Systems (Pre).
[[0;32m  OK  [0m] Reached target Local File Systems.
         Starting LSB: AppArmor initialization...
         Starting Tell Plymouth To Write Out Runtime Data...
         Starting Initial cloud-init job (pre-networking)...
         Starting Create Volatile Files and Directories...
         Starting Commit a transient machine-id on disk...
         Starting Set console font and keymap...
[[0;32m  OK  [0m] Started Tell Plymouth To Write Out Runtime Data.
[[0;32m  OK  [0m] Started Create Volatile Files and Directories.
[[0;32m  OK  [0m] Started Commit a transient machine-id on disk.
         Starting Update UTMP about System Boot/Shutdown...
[[0;32m  OK  [0m] Started Update UTMP about System Boot/Shutdown.
[[0;32m  OK  [0m] Started LSB: AppArmor initialization.
         Starting Load AppArmor profiles managed internally by snapd...
[[0;32m  OK  [0m] Started Set console font and keymap.
[[0;32m  OK  [0m] Created slice system-getty.slice.
[[0;32m  OK  [0m] Started Load AppArmor profiles managed internally by snapd.
[   12.003899] cloud-init[646]: Cloud-init v. 21.1-19-gbad84ad4-0ubuntu1~16.04.2 running 'init-local' at Tue, 31 Oct 2023 10:11:51 +0000. Up 11.64 seconds.
[[0;32m  OK  [0m] Started Initial cloud-init job (pre-networking).
[[0;32m  OK  [0m] Reached target Network (Pre).
         Starting Raise network interfaces...
[[0;32m  OK  [0m] Started Raise network interfaces.
[[0;32m  OK  [0m] Reached target Network.
         Starting Initial cloud-init job (metadata service crawler)...
[   13.714586] cloud-init[983]: Cloud-init v. 21.1-19-gbad84ad4-0ubuntu1~16.04.2 running 'init' at Tue, 31 Oct 2023 10:11:52 +0000. Up 13.04 seconds.
[   13.717403] cloud-init[983]: ci-info: ++++++++++++++++++++++++++++++++++++++Net device info+++++++++++++++++++++++++++++++++++++++
[   13.731210] cloud-init[983]: ci-info: +--------+-------+----------------------------+---------------+--------+-------------------+
[   13.741792] cloud-init[983]: ci-info: | Device |   Up  |          Address           |      Mask     | Scope  |     Hw-Address    |
[   13.744133] cloud-init[983]: ci-info: +--------+-------+----------------------------+---------------+--------+-------------------+
[   13.751449] cloud-init[983]: ci-info: | enp0s3 |  True |         10.0.2.15          | 255.255.255.0 | global | 02:be:82:6b:cc:1d |
[   13.754706] cloud-init[983]: ci-info: | enp0s3 |  True | fe80::be:82ff:fe6b:cc1d/64 |       .       |  link  | 02:be:82:6b:cc:1d |
[   13.758889] cloud-init[983]: ci-info: | enp0s8 | False |             .              |       .       |   .    | 08:00:27:8e:df:fc |
[   13.762671] cloud-init[983]: ci-info: |   lo   |  True |         127.0.0.1          |   255.0.0.0   |  host  |         .         |
[   13.767002] cloud-init[983]: ci-info: |   lo   |  True |          ::1/128           |       .       |  host  |         .         |
[   13.835326] cloud-init[983]: ci-info: +--------+-------+----------------------------+---------------+--------+-------------------+
[   13.889147] cloud-init[983]: ci-info: +++++++++++++++++++++++++++Route IPv4 info++++++++++++++++++++++++++++
[   13.892202] cloud-init[983]: ci-info: +-------+-------------+----------+---------------+-----------+-------+
[   13.894211] cloud-init[983]: ci-info: | Route | Destination | Gateway  |    Genmask    | Interface | Flags |
[   13.896326] cloud-init[983]: ci-info: +-------+-------------+----------+---------------+-----------+-------+
[   13.898353] cloud-init[983]: ci-info: |   0   |   0.0.0.0   | 10.0.2.2 |    0.0.0.0    |   enp0s3  |   UG  |
[[0;32m  OK  [0m] Started Initial cloud-init job (metadata service crawler).
[   13.900554] cloud-init[983]: ci-info: |   1   |   10.0.2.0  | 0.0.0.0  | 255.255.255.0 |   enp0s3  |   U   |
[   14.415148] cloud-init[983]: ci-info: +-------+-------------+----------+---------------+-----------+-------+
[   14.415381] cloud-init[983]: ci-info: +++++++++++++++++++Route IPv6 info+++++++++++++++++++
[[0;32m  OK  [0m] Reached target Network is Online.
[   14.415479] cloud-init[983]: ci-info: +-------+-------------+---------+-----------+-------+
[   14.422652] cloud-init[983]: ci-info: | Route | Destination | Gateway | Interface | Flags |
[   14.424285] cloud-init[983]: ci-info: +-------+-------------+---------+-----------+-------+
[   14.425903] cloud-init[983]: ci-info: |   0   |  fe80::/64  |    ::   |   enp0s3  |   U   |
[   14.440557] cloud-init[983]: ci-info: |   3   |   ff00::/8  |    ::   |   enp0s3  |   U   |
[   14.440760] cloud-init[983]: ci-info: +-------+-------------+---------+-----------+-------+
[   14.441184] cloud-init[983]: Generating public/private rsa key pair.
[   14.441274] cloud-init[983]: Your identification has been saved in /etc/ssh/ssh_host_rsa_key.
[   14.441354] cloud-init[983]: Your public key has been saved in /etc/ssh/ssh_host_rsa_key.pub.
[   14.441446] cloud-init[983]: The key fingerprint is:
[   14.441546] cloud-init[983]: SHA256:cVaSnHDKSmp7pVkjr7+chCF/ykUDcRJxkYnVnVjjKfY root@ubuntu-xenial
[   14.441627] cloud-init[983]: The key's randomart image is:
[   14.441703] cloud-init[983]: +---[RSA 2048]----+
[   14.441783] cloud-init[983]: |      ==*Bo*+.   |
[   14.441881] cloud-init[983]: |      .*oo*+oo   |
[   14.441983] cloud-init[983]: |      o + = o    |
[   14.442071] cloud-init[983]: |     o o = o     |
[   14.442862] cloud-init[983]: |    + + S   E    |
[   14.443202] cloud-init[983]: |   . + @ o       |
[   14.443660] cloud-init[983]: |    . * =        |
[   14.444197] cloud-init[983]: |     o B .       |
[   14.444618] cloud-init[983]: |      +.=.       |
[   14.444956] cloud-init[983]: +----[SHA256]-----+
         Starting iSCSI initiator daemon (iscsid)...
[   14.445305] cloud-init[983]: Generating public/private dsa key pair.
[   14.462437] [cloud-init[0;32m  OK  [0m[983]: ] Your identification has been saved in /etc/ssh/ssh_host_dsa_key.Reached target Cloud-config availability.

[   14.466039] [cloud-init[0;32m  OK  [0m[983]: ] Your public key has been saved in /etc/ssh/ssh_host_dsa_key.pub.Reached target System Initialization.

[[0;32m  OK  [0m] Started Message of the Day.
[   14.466273] cloud-init[983]: The key fingerprint is:
[   14.473267] cloud-init[983]: SHA256:Qtlz1FgQPXLgQLDhyKzsSXahZ3HYBIn0IhqPzta9h+Q root@ubuntu-xenial
[   14.474996] cloud-init[983]: The key's randomart image is:
[   14.476569] cloud-init[983]: +---[DSA 1024]----+
[   14.482958] [cloud-init[0;32m  OK  [0m[983]: ] | ....o+oo =O.    |Started Ubuntu Advantage update messaging.

[   14.484687]          Starting LXD - unix socket.
cloud-init[[0;32m  OK  [0m] Started Daily apt download activities.
[[0;32m  OK  [0m] Listening on UUID daemon activation socket.
[[0;32m  OK  [0m] Listening on ACPID Listen Socket.
[983]:          Starting Socket activation for snappy daemon.
[[0;32m  OK  [0m] Started Daily apt upgrade and clean activities.
[[0;32m  OK  [0m] Started Daily Cleanup of Temporary Directories.
[[0;32m  OK  [0m] Reached target Timers.
[[0;32m  OK  [0m] Started ACPI Events Check.
[[0;32m  OK  [0m] Reached target Paths.
[[0;32m  OK  [0m] Listening on D-Bus System Message Bus Socket.
|  .+.* = +o =    |
[   14.504539] [cloud-init[0;32m  OK  [0m[983]: ] |o . O B o oo .   |Listening on LXD - unix socket.

[   14.506517] [cloud-init[0;32m  OK  [0m[983]: ] |.* + =   o       |Listening on Socket activation for snappy daemon.

[   14.510044] [cloud-init[0;32m  OK  [0m[983]: ] |o B + . S        |Reached target Sockets.

[   14.510306] [cloud-init[0;32m  OK  [0m[983]: ] |o+.=.. .         |Reached target Basic System.

         Starting Virtualbox guest utils...
[   14.515463] cloud-init[983]: | +o.o..          |
[   14.518303] cloud-init[983]: |.    E..         |
[[0;32m  OK  [0m] Started D-Bus System Message Bus.
[   14.519883] cloud-init[983]: |     ..          |
[   14.523808] cloud-init[983]: +----[SHA256]-----+
[   14.530672] cloud-init[983]: Generating public/private ecdsa key pair.
[   14.540393] cloud-init[983]: Your identification has been saved in /etc/ssh/ssh_host_ecdsa_key.
[   14.547574] cloud-init[983]: Your public key has been saved in /etc/ssh/ssh_host_ecdsa_key.pub.
[   14.554737] cloud-init[983]: The key fingerprint is:
[   14.559139] cloud-init[983]: SHA256:Oero/G4zdnMdRnSCLkWUT83U2VCS6NQ9ew+LoNpiJqg root@ubuntu-xenial
[   14.567933] cloud-init[983]: The key's randomart image is:
[   14.570318] cloud-init[983]: +---[ECDSA 256]---+
[   14.578139] cloud-init[983]: |         ooo *+*+|
[   14.580179] cloud-init[983]: |          + * *++|
[   14.582046] cloud-init[983]: |         o * o  o|
[   14.584843] cloud-init[983]: |        ..o + ...|
[   14.595938] cloud-init[983]: |        So o . oo|
[   14.604145] cloud-init[983]: |       ...  + . .|
[   14.612800] cloud-init[983]: |   .  .o   o .   |
[   14.622187] cloud-init[983]: |  ...oX + . .    |
[   14.623705] cloud-init[983]: |E. .+O+= o       |
[   14.630092] cloud-init[983]: +----[SHA256]-----+
[   14.641848] cloud-init[983]: Generating public/private ed25519 key pair.
[[0;32m  OK  [0m] Started FUSE filesystem for LXC.
[   14.645489] cloud-init[983]: Your identification has been saved in /etc/ssh/ssh_host_ed25519_key.
[   14.648031] cloud-init[983]: Your public key has been saved in /etc/ssh/ssh_host_ed25519_key.pub.
[   14.659636] cloud-init[983]: The key fingerprint is:
         Starting Pollinate to seed the pseudo random number generator...
[   14.662295] cloud-init[983]: SHA256:ToHLBkyEjSOJnQYYNFGSALqwQIyDAv7cvEeexmr5WRo root@ubuntu-xenial[[0;32m  OK  [0m] Started Deferred execution scheduler.

[   14.665188] cloud-init[983]: The key's randomart image is:
[   14.666879]          Starting System Logging Service...
cloud-init[983]: +--[ED25519 256]--+
[   14.669131] cloud-init[983]: |^@+Bo            |
[   14.670932] cloud-init[983]: |&oXo.  .         |
         Starting Accounts Service...
         Starting LSB: MD monitoring daemon...
[   14.692541] cloud-init[983]: |== .o . .        |
[   14.712300] cloud-init         [983]: Starting LSB: Record successful boot for GRUB...|ooo oo . .       |

[   14.724388] [[0;32m  OK  [0m] Started ACPI event daemon.
         Starting Login Service...
         Starting /etc/rc.local Compatibility...
[[0;32m  OK  [0m] Started Regular background program processing daemon.
cloud-init[983]: |o  o o+.S        |
[   14.857003] cloud-init[983]: |     .=o.        |
[   14.888315] cloud-init[983]: |     ..E..       |
[   14.889406] cloud-init[983]: |     o+ =        |
[   14.890370] cloud-init[983]: |    ...+         |
[   14.891385] cloud-init[983]: +----[SHA256]-----+
         Starting Snap Daemon...
         Starting LXD - container startup/shutdown...
[[0;32m  OK  [0m] Started System Logging Service.
[[0;32m  OK  [0m] Started iSCSI initiator daemon (iscsid).
[[0;32m  OK  [0m] Started /etc/rc.local Compatibility.
         Starting Login to default iSCSI targets...
[[0;32m  OK  [0m] Started Login Service.
[[0;32m  OK  [0m] Started Unattended Upgrades Shutdown.
         Starting Authenticate and Authorize Users to Run Privileged Tasks...
[[0;32m  OK  [0m] Started LSB: MD monitoring daemon.
[[0;32m  OK  [0m] Started LSB: Record successful boot for GRUB.
[[0;32m  OK  [0m] Started Authenticate and Authorize Users to Run Privileged Tasks.
[[0;32m  OK  [0m] Started Login to default iSCSI targets.
[[0;32m  OK  [0m] Reached target Remote File Systems (Pre).
[[0;32m  OK  [0m] Reached target Remote File Systems.
         Starting LSB: automatic crash report generation...
         Starting LSB: Set the CPU Frequency Scaling governor to "ondemand"...
         Starting LSB: daemon to balance interrupts for SMP systems...
         Starting Permit User Sessions...
[[0;32m  OK  [0m] Started Virtualbox guest utils.
[[0;32m  OK  [0m] Started Permit User Sessions.
[[0;32m  OK  [0m] Started Accounts Service.
         Starting Hold until boot process finishes up...
         Starting Terminate Plymouth Boot Screen...
[[0;32m  OK  [0m] Started Hold until boot process finishes up.
[[0;32m  OK  [0m] Started Serial Getty on ttyS0.
[[0;32m  OK  [0m] Started Getty on tty1.
[[0;32m  OK  [0m] Reached target Login Prompts.
         Starting Set console scheme...
[[0;32m  OK  [0m] Started LSB: Set the CPU Frequency Scaling governor to "ondemand".
[[0;32m  OK  [0m] Started Terminate Plymouth Boot Screen.
[[0;32m  OK  [0m] Started Set console scheme.
[[0;32m  OK  [0m] Started LSB: automatic crash report generation.
[[0;32m  OK  [0m] Started LSB: daemon to balance interrupts for SMP systems.
[[0;32m  OK  [0m] Started LXD - container startup/shutdown.
[[0;32m  OK  [0m] Started Snap Daemon.
         Starting Wait until snapd is fully seeded...
[[0;32m  OK  [0m] Started Wait until snapd is fully seeded.
         Starting Apply the settings specified in cloud-config...
[   17.328012] cloud-init[1322]: Generating locales (this might take a while)...
[   18.245543] cloud-init[1322]:   en_US.UTF-8... done
[   18.246998] cloud-init[1322]: Generation complete.
[   18.678436] cloud-init[1322]: Cloud-init v. 21.1-19-gbad84ad4-0ubuntu1~16.04.2 running 'modules:config' at Tue, 31 Oct 2023 10:11:56 +0000. Up 17.15 seconds.
[[0;32m  OK  [0m] Started Apply the settings specified in cloud-config.

Ubuntu 16.04.7 LTS ubuntu-xenial ttyS0

ubuntu-xenial login: ci-info: no authorized SSH keys fingerprints found for user ubuntu.
<14>Oct 31 10:12:01 ec2: 
<14>Oct 31 10:12:01 ec2: #############################################################
<14>Oct 31 10:12:01 ec2: -----BEGIN SSH HOST KEY FINGERPRINTS-----
<14>Oct 31 10:12:01 ec2: 1024 SHA256:Qtlz1FgQPXLgQLDhyKzsSXahZ3HYBIn0IhqPzta9h+Q root@ubuntu-xenial (DSA)
<14>Oct 31 10:12:01 ec2: 256 SHA256:Oero/G4zdnMdRnSCLkWUT83U2VCS6NQ9ew+LoNpiJqg root@ubuntu-xenial (ECDSA)
<14>Oct 31 10:12:01 ec2: 256 SHA256:ToHLBkyEjSOJnQYYNFGSALqwQIyDAv7cvEeexmr5WRo root@ubuntu-xenial (ED25519)
<14>Oct 31 10:12:01 ec2: 2048 SHA256:cVaSnHDKSmp7pVkjr7+chCF/ykUDcRJxkYnVnVjjKfY root@ubuntu-xenial (RSA)
<14>Oct 31 10:12:01 ec2: -----END SSH HOST KEY FINGERPRINTS-----
<14>Oct 31 10:12:01 ec2: #############################################################
-----BEGIN SSH HOST KEY KEYS-----
ecdsa-sha2-nistp256 AAAAE2VjZHNhLXNoYTItbmlzdHAyNTYAAAAIbmlzdHAyNTYAAABBBC4sO2ROj653T/AboytqRZ2GiEn8ahYS7OE1oyLi04PjO7A1ZogTwJP2q4yYDJkRemYaQCM6rp7TVEAS4CxX2qM= root@ubuntu-xenial
ssh-ed25519 AAAAC3NzaC1lZDI1NTE5AAAAIO9dz+4/EwMSvQ1Y2AO6lUiz5uBhsyk2wMtshaMaN545 root@ubuntu-xenial
ssh-rsa AAAAB3NzaC1yc2EAAAADAQABAAABAQDNp88l2o5pKrzYccYjMWJ2kSl58e5vezRkukGZ2EdPmS9qOAGQic1P9qK4LwbIUkRAHA9o9X4r+kBgBPaecO79qv70iXIpWeLwWmKJ2gqtj5oF0vQIWpTj7kA1C02558BR3ikMGLIj0aKf0MBsUeBKo3IKlne6Kt5MLcvyJZ6Pp5MY1svBqEqU4K13URZj6BudWWkY8tEFOH5SxLwJtPXT9fB/UG9mRIiTUxnH3h/x4NPsM7OR+uKCujMkjBYJTTn/0lYmJyyxV0gNeu8bXnC5llks8Od7DQL7m1+7MzzcutnJ1yyShkO5ydfHgfvnxH/ouA8ecbGU2au8K+3AjWhR root@ubuntu-xenial
-----END SSH HOST KEY KEYS-----
[   22.042462] cloud-init[1390]: Cloud-init v. 21.1-19-gbad84ad4-0ubuntu1~16.04.2 running 'modules:final' at Tue, 31 Oct 2023 10:12:01 +0000. Up 21.76 seconds.
[   22.044450] cloud-init[1390]: ci-info: no authorized SSH keys fingerprints found for user ubuntu.
[   22.046184] cloud-init[1390]: Cloud-init v. 21.1-19-gbad84ad4-0ubuntu1~16.04.2 finished at Tue, 31 Oct 2023 10:12:01 +0000. Datasource DataSourceNoCloud [seed=/dev/sdb][dsmode=net].  Up 22.02 seconds
